../Core/Src/main.c:130:5:main	40	static
../Core/Src/main.c:237:6:SystemClock_Config	88	static
../Core/Src/main.c:283:13:MX_ADC1_Init	24	static
../Core/Src/main.c:335:13:MX_I2C1_Init	8	static
../Core/Src/main.c:369:13:MX_TIM2_Init	32	static
../Core/Src/main.c:414:13:MX_TIM3_Init	32	static
../Core/Src/main.c:459:13:MX_TIM11_Init	40	static
../Core/Src/main.c:508:13:MX_USART1_UART_Init	8	static
../Core/Src/main.c:541:13:MX_USART2_UART_Init	8	static
../Core/Src/main.c:572:13:MX_DMA_Init	16	static
../Core/Src/main.c:600:13:MX_GPIO_Init	48	static
../Core/Src/main.c:634:6:requestMEMS	24	static
../Core/Src/main.c:644:6:HAL_ADC_ConvCpltCallback	16	static
../Core/Src/main.c:648:6:HAL_ADC_ConvHalfCpltCallback	16	static
../Core/Src/main.c:659:6:Error_Handler	4	static,ignoring_inline_asm
