Archive member included to satisfy reference by file (symbol)

E:/STM32CubeIDE_1.15.1/STM32CubeIDE/plugins/com.st.stm32cube.ide.mcu.externaltools.gnu-tools-for-stm32.12.3.rel1.win32_1.0.100.202403111256/tools/bin/../lib/gcc/arm-none-eabi/12.3.1/../../../../arm-none-eabi/lib/thumb/v7e-m+fp/hard\libc_nano.a(libc_a-exit.o)
                              E:/STM32CubeIDE_1.15.1/STM32CubeIDE/plugins/com.st.stm32cube.ide.mcu.externaltools.gnu-tools-for-stm32.12.3.rel1.win32_1.0.100.202403111256/tools/bin/../lib/gcc/arm-none-eabi/12.3.1/../../../../arm-none-eabi/lib/thumb/v7e-m+fp/hard/crt0.o (exit)
E:/STM32CubeIDE_1.15.1/STM32CubeIDE/plugins/com.st.stm32cube.ide.mcu.externaltools.gnu-tools-for-stm32.12.3.rel1.win32_1.0.100.202403111256/tools/bin/../lib/gcc/arm-none-eabi/12.3.1/../../../../arm-none-eabi/lib/thumb/v7e-m+fp/hard\libc_nano.a(libc_a-findfp.o)
                              E:/STM32CubeIDE_1.15.1/STM32CubeIDE/plugins/com.st.stm32cube.ide.mcu.externaltools.gnu-tools-for-stm32.12.3.rel1.win32_1.0.100.202403111256/tools/bin/../lib/gcc/arm-none-eabi/12.3.1/../../../../arm-none-eabi/lib/thumb/v7e-m+fp/hard\libc_nano.a(libc_a-exit.o) (__stdio_exit_handler)
E:/STM32CubeIDE_1.15.1/STM32CubeIDE/plugins/com.st.stm32cube.ide.mcu.externaltools.gnu-tools-for-stm32.12.3.rel1.win32_1.0.100.202403111256/tools/bin/../lib/gcc/arm-none-eabi/12.3.1/../../../../arm-none-eabi/lib/thumb/v7e-m+fp/hard\libc_nano.a(libc_a-fwalk.o)
                              E:/STM32CubeIDE_1.15.1/STM32CubeIDE/plugins/com.st.stm32cube.ide.mcu.externaltools.gnu-tools-for-stm32.12.3.rel1.win32_1.0.100.202403111256/tools/bin/../lib/gcc/arm-none-eabi/12.3.1/../../../../arm-none-eabi/lib/thumb/v7e-m+fp/hard\libc_nano.a(libc_a-findfp.o) (_fwalk_sglue)
E:/STM32CubeIDE_1.15.1/STM32CubeIDE/plugins/com.st.stm32cube.ide.mcu.externaltools.gnu-tools-for-stm32.12.3.rel1.win32_1.0.100.202403111256/tools/bin/../lib/gcc/arm-none-eabi/12.3.1/../../../../arm-none-eabi/lib/thumb/v7e-m+fp/hard\libc_nano.a(libc_a-stdio.o)
                              E:/STM32CubeIDE_1.15.1/STM32CubeIDE/plugins/com.st.stm32cube.ide.mcu.externaltools.gnu-tools-for-stm32.12.3.rel1.win32_1.0.100.202403111256/tools/bin/../lib/gcc/arm-none-eabi/12.3.1/../../../../arm-none-eabi/lib/thumb/v7e-m+fp/hard\libc_nano.a(libc_a-findfp.o) (__sread)
E:/STM32CubeIDE_1.15.1/STM32CubeIDE/plugins/com.st.stm32cube.ide.mcu.externaltools.gnu-tools-for-stm32.12.3.rel1.win32_1.0.100.202403111256/tools/bin/../lib/gcc/arm-none-eabi/12.3.1/../../../../arm-none-eabi/lib/thumb/v7e-m+fp/hard\libc_nano.a(libc_a-memset.o)
                              E:/STM32CubeIDE_1.15.1/STM32CubeIDE/plugins/com.st.stm32cube.ide.mcu.externaltools.gnu-tools-for-stm32.12.3.rel1.win32_1.0.100.202403111256/tools/bin/../lib/gcc/arm-none-eabi/12.3.1/../../../../arm-none-eabi/lib/thumb/v7e-m+fp/hard/crt0.o (memset)
E:/STM32CubeIDE_1.15.1/STM32CubeIDE/plugins/com.st.stm32cube.ide.mcu.externaltools.gnu-tools-for-stm32.12.3.rel1.win32_1.0.100.202403111256/tools/bin/../lib/gcc/arm-none-eabi/12.3.1/../../../../arm-none-eabi/lib/thumb/v7e-m+fp/hard\libc_nano.a(libc_a-closer.o)
                              E:/STM32CubeIDE_1.15.1/STM32CubeIDE/plugins/com.st.stm32cube.ide.mcu.externaltools.gnu-tools-for-stm32.12.3.rel1.win32_1.0.100.202403111256/tools/bin/../lib/gcc/arm-none-eabi/12.3.1/../../../../arm-none-eabi/lib/thumb/v7e-m+fp/hard\libc_nano.a(libc_a-stdio.o) (_close_r)
E:/STM32CubeIDE_1.15.1/STM32CubeIDE/plugins/com.st.stm32cube.ide.mcu.externaltools.gnu-tools-for-stm32.12.3.rel1.win32_1.0.100.202403111256/tools/bin/../lib/gcc/arm-none-eabi/12.3.1/../../../../arm-none-eabi/lib/thumb/v7e-m+fp/hard\libc_nano.a(libc_a-reent.o)
                              E:/STM32CubeIDE_1.15.1/STM32CubeIDE/plugins/com.st.stm32cube.ide.mcu.externaltools.gnu-tools-for-stm32.12.3.rel1.win32_1.0.100.202403111256/tools/bin/../lib/gcc/arm-none-eabi/12.3.1/../../../../arm-none-eabi/lib/thumb/v7e-m+fp/hard\libc_nano.a(libc_a-closer.o) (errno)
E:/STM32CubeIDE_1.15.1/STM32CubeIDE/plugins/com.st.stm32cube.ide.mcu.externaltools.gnu-tools-for-stm32.12.3.rel1.win32_1.0.100.202403111256/tools/bin/../lib/gcc/arm-none-eabi/12.3.1/../../../../arm-none-eabi/lib/thumb/v7e-m+fp/hard\libc_nano.a(libc_a-impure.o)
                              E:/STM32CubeIDE_1.15.1/STM32CubeIDE/plugins/com.st.stm32cube.ide.mcu.externaltools.gnu-tools-for-stm32.12.3.rel1.win32_1.0.100.202403111256/tools/bin/../lib/gcc/arm-none-eabi/12.3.1/../../../../arm-none-eabi/lib/thumb/v7e-m+fp/hard\libc_nano.a(libc_a-reent.o) (_impure_ptr)
E:/STM32CubeIDE_1.15.1/STM32CubeIDE/plugins/com.st.stm32cube.ide.mcu.externaltools.gnu-tools-for-stm32.12.3.rel1.win32_1.0.100.202403111256/tools/bin/../lib/gcc/arm-none-eabi/12.3.1/../../../../arm-none-eabi/lib/thumb/v7e-m+fp/hard\libc_nano.a(libc_a-lseekr.o)
[...]
Memory Configuration

Name             Origin             Length             Attributes
RAM              0x20000000         0x00020000         xrw
FLASH            0x08000000         0x00080000         xr
*default*        0x00000000         0xffffffff

Linker script and memory map

LOAD E:/STM32CubeIDE_1.15.1/STM32CubeIDE/plugins/com.st.stm32cube.ide.mcu.externaltools.gnu-tools-for-stm32.12.3.rel1.win32_1.0.100.202403111256/tools/bin/../lib/gcc/arm-none-eabi/12.3.1/thumb/v7e-m+fp/hard/crti.o
LOAD E:/STM32CubeIDE_1.15.1/STM32CubeIDE/plugins/com.st.stm32cube.ide.mcu.externaltools.gnu-tools-for-stm32.12.3.rel1.win32_1.0.100.202403111256/tools/bin/../lib/gcc/arm-none-eabi/12.3.1/thumb/v7e-m+fp/hard/crtbegin.o
LOAD E:/STM32CubeIDE_1.15.1/STM32CubeIDE/plugins/com.st.stm32cube.ide.mcu.externaltools.gnu-tools-for-stm32.12.3.rel1.win32_1.0.100.202403111256/tools/bin/../lib/gcc/arm-none-eabi/12.3.1/../../../../arm-none-eabi/lib/thumb/v7e-m+fp/hard/crt0.o
LOAD ./Core/Src/ModBusRTU.o
LOAD ./Core/Src/main.o
LOAD ./Core/Src/stm32f4xx_hal_msp.o
LOAD ./Core/Src/stm32f4xx_it.o
LOAD ./Core/Src/syscalls.o
LOAD ./Core/Src/sysmem.o
LOAD ./Core/Src/system_stm32f4xx.o
LOAD ./Core/Startup/startup_stm32f411retx.o
LOAD ./Drivers/STM32F4xx_HAL_Driver/Src/stm32f4xx_hal.o
LOAD ./Drivers/STM32F4xx_HAL_Driver/Src/stm32f4xx_hal_adc.o
LOAD ./Drivers/STM32F4xx_HAL_Driver/Src/stm32f4xx_hal_adc_ex.o
LOAD ./Drivers/STM32F4xx_HAL_Driver/Src/stm32f4xx_hal_cortex.o
LOAD ./Drivers/STM32F4xx_HAL_Driver/Src/stm32f4xx_hal_dma.o
LOAD ./Drivers/STM32F4xx_HAL_Driver/Src/stm32f4xx_hal_dma_ex.o
LOAD ./Drivers/STM32F4xx_HAL_Driver/Src/stm32f4xx_hal_exti.o
LOAD ./Drivers/STM32F4xx_HAL_Driver/Src/stm32f4xx_hal_flash.o
LOAD ./Drivers/STM32F4xx_HAL_Driver/Src/stm32f4xx_hal_flash_ex.o
LOAD ./Drivers/STM32F4xx_HAL_Driver/Src/stm32f4xx_hal_flash_ramfunc.o
LOAD ./Drivers/STM32F4xx_HAL_Driver/Src/stm32f4xx_hal_gpio.o
LOAD ./Drivers/STM32F4xx_HAL_Driver/Src/stm32f4xx_hal_i2c.o
LOAD ./Drivers/STM32F4xx_HAL_Driver/Src/stm32f4xx_hal_i2c_ex.o
LOAD ./Drivers/STM32F4xx_HAL_Driver/Src/stm32f4xx_hal_pwr.o
LOAD ./Drivers/STM32F4xx_HAL_Driver/Src/stm32f4xx_hal_pwr_ex.o
LOAD ./Drivers/STM32F4xx_HAL_Driver/Src/stm32f4xx_hal_rcc.o
LOAD ./Drivers/STM32F4xx_HAL_Driver/Src/stm32f4xx_hal_rcc_ex.o
LOAD ./Drivers/STM32F4xx_HAL_Driver/Src/stm32f4xx_hal_tim.o
LOAD ./Drivers/STM32F4xx_HAL_Driver/Src/stm32f4xx_hal_tim_ex.o
LOAD ./Drivers/STM32F4xx_HAL_Driver/Src/stm32f4xx_hal_uart.o
LOAD ./Drivers/STM32F4xx_HAL_Driver/Src/stm32f4xx_ll_adc.o
LOAD ./Middlewares/Third_Party/ARM_CMSIS/Source/BasicMathFunctions/BasicMathFunctions.o
LOAD ./Middlewares/Third_Party/ARM_CMSIS/Source/BasicMathFunctions/BasicMathFunctionsF16.o
LOAD ./Middlewares/Third_Party/ARM_CMSIS/Source/BayesFunctions/BayesFunctions.o
LOAD ./Middlewares/Third_Party/ARM_CMSIS/Source/BayesFunctions/BayesFunctionsF16.o
LOAD ./Middlewares/Third_Party/ARM_CMSIS/Source/CommonTables/CommonTables.o
LOAD ./Middlewares/Third_Party/ARM_CMSIS/Source/CommonTables/CommonTablesF16.o
LOAD ./Middlewares/Third_Party/ARM_CMSIS/Source/ComplexMathFunctions/ComplexMathFunctions.o
LOAD ./Middlewares/Third_Party/ARM_CMSIS/Source/ComplexMathFunctions/ComplexMathFunctionsF16.o
LOAD ./Middlewares/Third_Party/ARM_CMSIS/Source/ControllerFunctions/ControllerFunctions.o
LOAD ./Middlewares/Third_Party/ARM_CMSIS/Source/DistanceFunctions/DistanceFunctions.o
LOAD ./Middlewares/Third_Party/ARM_CMSIS/Source/DistanceFunctions/DistanceFunctionsF16.o
LOAD ./Middlewares/Third_Party/ARM_CMSIS/Source/FastMathFunctions/FastMathFunctions.o
LOAD ./Middlewares/Third_Party/ARM_CMSIS/Source/FastMathFunctions/FastMathFunctionsF16.o
LOAD ./Middlewares/Third_Party/ARM_CMSIS/Source/FilteringFunctions/FilteringFunctions.o
LOAD ./Middlewares/Third_Party/ARM_CMSIS/Source/FilteringFunctions/FilteringFunctionsF16.o
LOAD ./Middlewares/Third_Party/ARM_CMSIS/Source/InterpolationFunctions/InterpolationFunctions.o
LOAD ./Middlewares/Third_Party/ARM_CMSIS/Source/InterpolationFunctions/InterpolationFunctionsF16.o
LOAD ./Middlewares/Third_Party/ARM_CMSIS/Source/MatrixFunctions/MatrixFunctions.o
LOAD ./Middlewares/Third_Party/ARM_CMSIS/Source/MatrixFunctions/MatrixFunctionsF16.o
LOAD ./Middlewares/Third_Party/ARM_CMSIS/Source/QuaternionMathFunctions/QuaternionMathFunctions.o
LOAD ./Middlewares/Third_Party/ARM_CMSIS/Source/SVMFunctions/SVMFunctions.o
LOAD ./Middlewares/Third_Party/ARM_CMSIS/Source/SVMFunctions/SVMFunctionsF16.o
LOAD ./Middlewares/Third_Party/ARM_CMSIS/Source/StatisticsFunctions/StatisticsFunctions.o
LOAD ./Middlewares/Third_Party/ARM_CMSIS/Source/StatisticsFunctions/StatisticsFunctionsF16.o
LOAD ./Middlewares/Third_Party/ARM_CMSIS/Source/SupportFunctions/SupportFunctions.o
LOAD ./Middlewares/Third_Party/ARM_CMSIS/Source/SupportFunctions/SupportFunctionsF16.o
LOAD ./Middlewares/Third_Party/ARM_CMSIS/Source/TransformFunctions/TransformFunctions.o
LOAD ./Middlewares/Third_Party/ARM_CMSIS/Source/TransformFunctions/TransformFunctionsF16.o
START GROUP
LOAD E:/STM32CubeIDE_1.15.1/STM32CubeIDE/plugins/com.st.stm32cube.ide.mcu.externaltools.gnu-tools-for-stm32.12.3.rel1.win32_1.0.100.202403111256/tools/bin/../lib/gcc/arm-none-eabi/12.3.1/../../../../arm-none-eabi/lib/thumb/v7e-m+fp/hard\libc_nano.a
LOAD E:/STM32CubeIDE_1.15.1/STM32CubeIDE/plugins/com.st.stm32cube.ide.mcu.externaltools.gnu-tools-for-stm32.12.3.rel1.win32_1.0.100.202403111256/tools/bin/../lib/gcc/arm-none-eabi/12.3.1/../../../../arm-none-eabi/lib/thumb/v7e-m+fp/hard\libm.a
END GROUP
START GROUP
LOAD E:/STM32CubeIDE_1.15.1/STM32CubeIDE/plugins/com.st.stm32cube.ide.mcu.externaltools.gnu-tools-for-stm32.12.3.rel1.win32_1.0.100.202403111256/tools/bin/../lib/gcc/arm-none-eabi/12.3.1/thumb/v7e-m+fp/hard\libgcc.a
LOAD E:/STM32CubeIDE_1.15.1/STM32CubeIDE/plugins/com.st.stm32cube.ide.mcu.externaltools.gnu-tools-for-stm32.12.3.rel1.win32_1.0.100.202403111256/tools/bin/../lib/gcc/arm-none-eabi/12.3.1/../../../../arm-none-eabi/lib/thumb/v7e-m+fp/hard\libc_nano.a
END GROUP
START GROUP
LOAD E:/STM32CubeIDE_1.15.1/STM32CubeIDE/plugins/com.st.stm32cube.ide.mcu.externaltools.gnu-tools-for-stm32.12.3.rel1.win32_1.0.100.202403111256/tools/bin/../lib/gcc/arm-none-eabi/12.3.1/thumb/v7e-m+fp/hard\libgcc.a
LOAD E:/STM32CubeIDE_1.15.1/STM32CubeIDE/plugins/com.st.stm32cube.ide.mcu.externaltools.gnu-tools-for-stm32.12.3.rel1.win32_1.0.100.202403111256/tools/bin/../lib/gcc/arm-none-eabi/12.3.1/../../../../arm-none-eabi/lib/thumb/v7e-m+fp/hard\libc_nano.a
LOAD E:/STM32CubeIDE_1.15.1/STM32CubeIDE/plugins/com.st.stm32cube.ide.mcu.externaltools.gnu-tools-for-stm32.12.3.rel1.win32_1.0.100.202403111256/tools/bin/../lib/gcc/arm-none-eabi/12.3.1/../../../../arm-none-eabi/lib/thumb/v7e-m+fp/hard\libnosys.a
END GROUP
START GROUP
LOAD E:/STM32CubeIDE_1.15.1/STM32CubeIDE/plugins/com.st.stm32cube.ide.mcu.externaltools.gnu-tools-for-stm32.12.3.rel1.win32_1.0.100.202403111256/tools/bin/../lib/gcc/arm-none-eabi/12.3.1/thumb/v7e-m+fp/hard\libgcc.a
LOAD E:/STM32CubeIDE_1.15.1/STM32CubeIDE/plugins/com.st.stm32cube.ide.mcu.externaltools.gnu-tools-for-stm32.12.3.rel1.win32_1.0.100.202403111256/tools/bin/../lib/gcc/arm-none-eabi/12.3.1/../../../../arm-none-eabi/lib/thumb/v7e-m+fp/hard\libc_nano.a
LOAD E:/STM32CubeIDE_1.15.1/STM32CubeIDE/plugins/com.st.stm32cube.ide.mcu.externaltools.gnu-tools-for-stm32.12.3.rel1.win32_1.0.100.202403111256/tools/bin/../lib/gcc/arm-none-eabi/12.3.1/../../../../arm-none-eabi/lib/thumb/v7e-m+fp/hard\libnosys.a
END GROUP
LOAD E:/STM32CubeIDE_1.15.1/STM32CubeIDE/plugins/com.st.stm32cube.ide.mcu.externaltools.gnu-tools-for-stm32.12.3.rel1.win32_1.0.100.202403111256/tools/bin/../lib/gcc/arm-none-eabi/12.3.1/thumb/v7e-m+fp/hard/crtend.o
LOAD E:/STM32CubeIDE_1.15.1/STM32CubeIDE/plugins/com.st.stm32cube.ide.mcu.externaltools.gnu-tools-for-stm32.12.3.rel1.win32_1.0.100.202403111256/tools/bin/../lib/gcc/arm-none-eabi/12.3.1/thumb/v7e-m+fp/hard/crtn.o
                0x20020000                        _estack = (ORIGIN (RAM) + LENGTH (RAM))
                0x00000200                        _Min_Heap_Size = 0x200
                0x00000400                        _Min_Stack_Size = 0x400

.isr_vector     0x08000000      0x198
                0x08000000                        . = ALIGN (0x4)
 *(.isr_vector)
 .isr_vector    0x08000000      0x198 ./Core/Startup/startup_stm32f411retx.o
                0x08000000                g_pfnVectors
                0x08000198                        . = ALIGN (0x4)

.text           0x08000198     0xc4c8
                0x08000198                        . = ALIGN (0x4)
 *(.text)
 .text          0x08000198       0x40 E:/STM32CubeIDE_1.15.1/STM32CubeIDE/plugins/com.st.stm32cube.ide.mcu.externaltools.gnu-tools-for-stm32.12.3.rel1.win32_1.0.100.202403111256/tools/bin/../lib/gcc/arm-none-eabi/12.3.1/thumb/v7e-m+fp/hard/crtbegin.o
 .text          0x080001d8      0x378 E:/STM32CubeIDE_1.15.1/STM32CubeIDE/plugins/com.st.stm32cube.ide.mcu.externaltools.gnu-tools-for-stm32.12.3.rel1.win32_1.0.100.202403111256/tools/bin/../lib/gcc/arm-none-eabi/12.3.1/thumb/v7e-m+fp/hard\libgcc.a(_arm_addsubdf3.o)
                0x080001d8                __aeabi_drsub
                0x080001e0                __aeabi_dsub
                0x080001e0                __subdf3
                0x080001e4                __aeabi_dadd
                0x080001e4                __adddf3
                0x0800045c                __floatunsidf
                0x0800045c                __aeabi_ui2d
                0x0800047c                __floatsidf
                0x0800047c                __aeabi_i2d
                0x080004a0                __aeabi_f2d
                0x080004a0                __extendsfdf2
                0x080004e4                __floatundidf
                0x080004e4                __aeabi_ul2d
                0x080004f4                __floatdidf
                0x080004f4                __aeabi_l2d
 .text          0x08000550      0x424 E:/STM32CubeIDE_1.15.1/STM32CubeIDE/plugins/com.st.stm32cube.ide.mcu.externaltools.gnu-tools-for-stm32.12.3.rel1.win32_1.0.100.202403111256/tools/bin/../lib/gcc/arm-none-eabi/12.3.1/thumb/v7e-m+fp/hard\libgcc.a(_arm_muldivdf3.o)
                0x08000550                __aeabi_dmul
                0x08000550                __muldf3
                0x080007a4                __divdf3
                0x080007a4                __aeabi_ddiv
 .text          0x08000974       0xa0 E:/STM32CubeIDE_1.15.1/STM32CubeIDE/plugins/com.st.stm32cube.ide.mcu.externaltools.gnu-tools-for-stm32.12.3.rel1.win32_1.0.100.202403111256/tools/bin/../lib/gcc/arm-none-eabi/12.3.1/thumb/v7e-m+fp/hard\libgcc.a(_arm_truncdfsf2.o)
                0x08000974                __truncdfsf2
                0x08000974                __aeabi_d2f
 .text          0x08000a14       0x30 E:/STM32CubeIDE_1.15.1/STM32CubeIDE/plugins/com.st.stm32cube.ide.mcu.externaltools.gnu-tools-for-stm32.12.3.rel1.win32_1.0.100.202403111256/tools/bin/../lib/gcc/arm-none-eabi/12.3.1/thumb/v7e-m+fp/hard\libgcc.a(_aeabi_uldivmod.o)
                0x08000a14                __aeabi_uldivmod
 .text          0x08000a44      0x2bc E:/STM32CubeIDE_1.15.1/STM32CubeIDE/plugins/com.st.stm32cube.ide.mcu.externaltools.gnu-tools-for-stm32.12.3.rel1.win32_1.0.100.202403111256/tools/bin/../lib/gcc/arm-none-eabi/12.3.1/thumb/v7e-m+fp/hard\libgcc.a(_udivmoddi4.o)
                0x08000a44                __udivmoddi4
 .text          0x08000d00        0x4 E:/STM32CubeIDE_1.15.1/STM32CubeIDE/plugins/com.st.stm32cube.ide.mcu.externaltools.gnu-tools-for-stm32.12.3.rel1.win32_1.0.100.202403111256/tools/bin/../lib/gcc/arm-none-eabi/12.3.1/thumb/v7e-m+fp/hard\libgcc.a(_dvmd_tls.o)
                0x08000d00                __aeabi_idiv0
                0x08000d00                __aeabi_ldiv0
 *(.text*)
 .text.modbus_1t5_Timeout
                0x08000d04       0x20 ./Core/Src/ModBusRTU.o
                0x08000d04                modbus_1t5_Timeout
 .text.modbus_3t5_Timeout
                0x08000d24       0x20 ./Core/Src/ModBusRTU.o
                0x08000d24                modbus_3t5_Timeout
 .text.modbus_UART_Recived
                0x08000d44       0x64 ./Core/Src/ModBusRTU.o
                0x08000d44                modbus_UART_Recived
 .text.Modbus_init
                0x08000da8       0xac ./Core/Src/ModBusRTU.o
                0x08000da8                Modbus_init
 .text.CRC16    0x08000e54       0x6c ./Core/Src/ModBusRTU.o
                0x08000e54                CRC16
 .text.Modbus_Protocal_Worker
                0x08000ec0      0x210 ./Core/Src/ModBusRTU.o
                0x08000ec0                Modbus_Protocal_Worker
 .text.modbusWrite1Register
                0x080010d0       0x80 ./Core/Src/ModBusRTU.o
                0x080010d0                modbusWrite1Register
 .text.modbusRead1Register
                0x08001150       0xec ./Core/Src/ModBusRTU.o
                0x08001150                modbusRead1Register
 .text.ModbusErrorReply
                0x0800123c       0x44 ./Core/Src/ModBusRTU.o
                0x0800123c                ModbusErrorReply
 .text.Modbus_frame_response
                0x08001280       0x30 ./Core/Src/ModBusRTU.o
                0x08001280                Modbus_frame_response
 .text.Modbus_Emission
                0x080012b0      0x100 ./Core/Src/ModBusRTU.o
                0x080012b0                Modbus_Emission
 .text.main     0x080013b0      0x28c ./Core/Src/main.o
                0x080013b0                main
 .text.SystemClock_Config
                0x0800163c       0xd0 ./Core/Src/main.o
                0x0800163c                SystemClock_Config
 .text.MX_ADC1_Init
                0x0800170c       0xa4 ./Core/Src/main.o
 .text.MX_I2C1_Init
                0x080017b0       0x5c ./Core/Src/main.o
 .text.MX_TIM2_Init
                0x0800180c       0x98 ./Core/Src/main.o
 .text.MX_TIM3_Init
                0x080018a4       0x9c ./Core/Src/main.o
 .text.MX_TIM11_Init
                0x08001940       0xa8 ./Core/Src/main.o
 .text.MX_USART1_UART_Init
                0x080019e8       0x54 ./Core/Src/main.o
 .text.MX_USART2_UART_Init
                0x08001a3c       0x54 ./Core/Src/main.o
 .text.MX_DMA_Init
                0x08001a90       0x8c ./Core/Src/main.o
 .text.MX_GPIO_Init
                0x08001b1c       0xdc ./Core/Src/main.o
 .text.HAL_ADC_ConvCpltCallback
                0x08001bf8       0x20 ./Core/Src/main.o
                0x08001bf8                HAL_ADC_ConvCpltCallback
 .text.HAL_ADC_ConvHalfCpltCallback
                0x08001c18       0x20 ./Core/Src/main.o
                0x08001c18                HAL_ADC_ConvHalfCpltCallback
 .text.Error_Handler
                0x08001c38        0xc ./Core/Src/main.o
                0x08001c38                Error_Handler
 .text.HAL_MspInit
                0x08001c44       0x50 ./Core/Src/stm32f4xx_hal_msp.o
                0x08001c44                HAL_MspInit
 .text.HAL_ADC_MspInit
                0x08001c94       0xf0 ./Core/Src/stm32f4xx_hal_msp.o
                0x08001c94                HAL_ADC_MspInit
 .text.HAL_I2C_MspInit
                0x08001d84       0xb0 ./Core/Src/stm32f4xx_hal_msp.o
                0x08001d84                HAL_I2C_MspInit
 .text.HAL_TIM_Base_MspInit
                0x08001e34       0xb4 ./Core/Src/stm32f4xx_hal_msp.o
                0x08001e34                HAL_TIM_Base_MspInit
 .text.HAL_UART_MspInit
                0x08001ee8      0x248 ./Core/Src/stm32f4xx_hal_msp.o
                0x08001ee8                HAL_UART_MspInit
 .text.NMI_Handler
                0x08002130        0x8 ./Core/Src/stm32f4xx_it.o
                0x08002130                NMI_Handler
 .text.HardFault_Handler
                0x08002138        0x8 ./Core/Src/stm32f4xx_it.o
                0x08002138                HardFault_Handler
 .text.MemManage_Handler
                0x08002140        0x8 ./Core/Src/stm32f4xx_it.o
                0x08002140                MemManage_Handler
 .text.BusFault_Handler
                0x08002148        0x8 ./Core/Src/stm32f4xx_it.o
                0x08002148                BusFault_Handler
 .text.UsageFault_Handler
                0x08002150        0x8 ./Core/Src/stm32f4xx_it.o
                0x08002150                UsageFault_Handler
 .text.SVC_Handler
                0x08002158        0xe ./Core/Src/stm32f4xx_it.o
                0x08002158                SVC_Handler
 .text.DebugMon_Handler
                0x08002166        0xe ./Core/Src/stm32f4xx_it.o
                0x08002166                DebugMon_Handler
 .text.PendSV_Handler
                0x08002174        0xe ./Core/Src/stm32f4xx_it.o
                0x08002174                PendSV_Handler
 .text.SysTick_Handler
                0x08002182        0xc ./Core/Src/stm32f4xx_it.o
                0x08002182                SysTick_Handler
 *fill*         0x0800218e        0x2 
 .text.DMA1_Stream5_IRQHandler
                0x08002190       0x14 ./Core/Src/stm32f4xx_it.o
                0x08002190                DMA1_Stream5_IRQHandler
 .text.DMA1_Stream6_IRQHandler
                0x080021a4       0x14 ./Core/Src/stm32f4xx_it.o
                0x080021a4                DMA1_Stream6_IRQHandler
 .text.TIM1_TRG_COM_TIM11_IRQHandler
                0x080021b8       0x14 ./Core/Src/stm32f4xx_it.o
                0x080021b8                TIM1_TRG_COM_TIM11_IRQHandler
 .text.TIM2_IRQHandler
                0x080021cc       0x14 ./Core/Src/stm32f4xx_it.o
                0x080021cc                TIM2_IRQHandler
 .text.I2C1_EV_IRQHandler
                0x080021e0       0x14 ./Core/Src/stm32f4xx_it.o
                0x080021e0                I2C1_EV_IRQHandler
 .text.I2C1_ER_IRQHandler
                0x080021f4       0x14 ./Core/Src/stm32f4xx_it.o
                0x080021f4                I2C1_ER_IRQHandler
 .text.USART1_IRQHandler
                0x08002208       0x14 ./Core/Src/stm32f4xx_it.o
                0x08002208                USART1_IRQHandler
 .text.USART2_IRQHandler
                0x0800221c       0x14 ./Core/Src/stm32f4xx_it.o
                0x0800221c                USART2_IRQHandler
 .text.DMA2_Stream0_IRQHandler
                0x08002230       0x14 ./Core/Src/stm32f4xx_it.o
                0x08002230                DMA2_Stream0_IRQHandler
 .text.DMA2_Stream7_IRQHandler
                0x08002244       0x14 ./Core/Src/stm32f4xx_it.o
                0x08002244                DMA2_Stream7_IRQHandler
 .text.SystemInit
                0x08002258       0x24 ./Core/Src/system_stm32f4xx.o
                0x08002258                SystemInit
 .text.Reset_Handler
                0x0800227c       0x50 ./Core/Startup/startup_stm32f411retx.o
                0x0800227c                Reset_Handler
 .text.Default_Handler
                0x080022cc        0x2 ./Core/Startup/startup_stm32f411retx.o
                0x080022cc                RTC_Alarm_IRQHandler
                0x080022cc                EXTI2_IRQHandler
                0x080022cc                SPI4_IRQHandler
                0x080022cc                TIM1_CC_IRQHandler
                0x080022cc                DMA2_Stream5_IRQHandler
                0x080022cc                PVD_IRQHandler
                0x080022cc                SDIO_IRQHandler
                0x080022cc                TAMP_STAMP_IRQHandler
                0x080022cc                EXTI3_IRQHandler
                0x080022cc                TIM1_UP_TIM10_IRQHandler
                0x080022cc                I2C3_ER_IRQHandler
                0x080022cc                EXTI0_IRQHandler
                0x080022cc                I2C2_EV_IRQHandler
                0x080022cc                DMA1_Stream2_IRQHandler
                0x080022cc                FPU_IRQHandler
                0x080022cc                DMA2_Stream2_IRQHandler
                0x080022cc                SPI1_IRQHandler
                0x080022cc                TIM1_BRK_TIM9_IRQHandler
                0x080022cc                DMA2_Stream3_IRQHandler
                0x080022cc                USART6_IRQHandler
                0x080022cc                TIM4_IRQHandler
                0x080022cc                DMA1_Stream1_IRQHandler
                0x080022cc                TIM3_IRQHandler
                0x080022cc                RCC_IRQHandler
                0x080022cc                Default_Handler
                0x080022cc                EXTI15_10_IRQHandler
                0x080022cc                ADC_IRQHandler
                0x080022cc                DMA1_Stream7_IRQHandler
                0x080022cc                SPI5_IRQHandler
                0x080022cc                TIM5_IRQHandler
                0x080022cc                I2C3_EV_IRQHandler
                0x080022cc                EXTI9_5_IRQHandler
                0x080022cc                RTC_WKUP_IRQHandler
                0x080022cc                SPI2_IRQHandler
                0x080022cc                DMA1_Stream0_IRQHandler
                0x080022cc                EXTI4_IRQHandler
                0x080022cc                WWDG_IRQHandler
                0x080022cc                OTG_FS_WKUP_IRQHandler
                0x080022cc                EXTI1_IRQHandler
                0x080022cc                I2C2_ER_IRQHandler
                0x080022cc                DMA2_Stream1_IRQHandler
                0x080022cc                FLASH_IRQHandler
                0x080022cc                DMA2_Stream4_IRQHandler
                0x080022cc                OTG_FS_IRQHandler
                0x080022cc                SPI3_IRQHandler
                0x080022cc                DMA1_Stream4_IRQHandler
                0x080022cc                DMA2_Stream6_IRQHandler
                0x080022cc                DMA1_Stream3_IRQHandler
 *fill*         0x080022ce        0x2 
 .text.HAL_Init
                0x080022d0       0x44 ./Drivers/STM32F4xx_HAL_Driver/Src/stm32f4xx_hal.o
                0x080022d0                HAL_Init
 .text.HAL_InitTick
                0x08002314       0x60 ./Drivers/STM32F4xx_HAL_Driver/Src/stm32f4xx_hal.o
                0x08002314                HAL_InitTick
 .text.HAL_IncTick
                0x08002374       0x28 ./Drivers/STM32F4xx_HAL_Driver/Src/stm32f4xx_hal.o
                0x08002374                HAL_IncTick
 .text.HAL_GetTick
                0x0800239c       0x18 ./Drivers/STM32F4xx_HAL_Driver/Src/stm32f4xx_hal.o
                0x0800239c                HAL_GetTick
 .text.HAL_ADC_Init
                0x080023b4       0x86 ./Drivers/STM32F4xx_HAL_Driver/Src/stm32f4xx_hal_adc.o
                0x080023b4                HAL_ADC_Init
 *fill*         0x0800243a        0x2 
 .text.HAL_ADC_Start_DMA
                0x0800243c      0x1e0 ./Drivers/STM32F4xx_HAL_Driver/Src/stm32f4xx_hal_adc.o
                0x0800243c                HAL_ADC_Start_DMA
 .text.HAL_ADC_ErrorCallback
                0x0800261c       0x14 ./Drivers/STM32F4xx_HAL_Driver/Src/stm32f4xx_hal_adc.o
                0x0800261c                HAL_ADC_ErrorCallback
 .text.HAL_ADC_ConfigChannel
                0x08002630      0x264 ./Drivers/STM32F4xx_HAL_Driver/Src/stm32f4xx_hal_adc.o
                0x08002630                HAL_ADC_ConfigChannel
 .text.ADC_Init
                0x08002894      0x1f8 ./Drivers/STM32F4xx_HAL_Driver/Src/stm32f4xx_hal_adc.o
 .text.ADC_DMAConvCplt
                0x08002a8c       0xba ./Drivers/STM32F4xx_HAL_Driver/Src/stm32f4xx_hal_adc.o
 .text.ADC_DMAHalfConvCplt
                0x08002b46       0x1c ./Drivers/STM32F4xx_HAL_Driver/Src/stm32f4xx_hal_adc.o
 .text.ADC_DMAError
                0x08002b62       0x2e ./Drivers/STM32F4xx_HAL_Driver/Src/stm32f4xx_hal_adc.o
 .text.__NVIC_SetPriorityGrouping
                0x08002b90       0x48 ./Drivers/STM32F4xx_HAL_Driver/Src/stm32f4xx_hal_cortex.o
 .text.__NVIC_GetPriorityGrouping
                0x08002bd8       0x1c ./Drivers/STM32F4xx_HAL_Driver/Src/stm32f4xx_hal_cortex.o
 .text.__NVIC_EnableIRQ
                0x08002bf4       0x3c ./Drivers/STM32F4xx_HAL_Driver/Src/stm32f4xx_hal_cortex.o
 .text.__NVIC_SetPriority
                0x08002c30       0x54 ./Drivers/STM32F4xx_HAL_Driver/Src/stm32f4xx_hal_cortex.o
 .text.NVIC_EncodePriority
                0x08002c84       0x66 ./Drivers/STM32F4xx_HAL_Driver/Src/stm32f4xx_hal_cortex.o
 *fill*         0x08002cea        0x2 
 .text.SysTick_Config
                0x08002cec       0x44 ./Drivers/STM32F4xx_HAL_Driver/Src/stm32f4xx_hal_cortex.o
 .text.HAL_NVIC_SetPriorityGrouping
                0x08002d30       0x16 ./Drivers/STM32F4xx_HAL_Driver/Src/stm32f4xx_hal_cortex.o
                0x08002d30                HAL_NVIC_SetPriorityGrouping
 .text.HAL_NVIC_SetPriority
                0x08002d46       0x38 ./Drivers/STM32F4xx_HAL_Driver/Src/stm32f4xx_hal_cortex.o
                0x08002d46                HAL_NVIC_SetPriority
 .text.HAL_NVIC_EnableIRQ
                0x08002d7e       0x1c ./Drivers/STM32F4xx_HAL_Driver/Src/stm32f4xx_hal_cortex.o
                0x08002d7e                HAL_NVIC_EnableIRQ
 .text.HAL_SYSTICK_Config
                0x08002d9a       0x18 ./Drivers/STM32F4xx_HAL_Driver/Src/stm32f4xx_hal_cortex.o
                0x08002d9a                HAL_SYSTICK_Config
 *fill*         0x08002db2        0x2 
 .text.HAL_DMA_Init
                0x08002db4      0x15c ./Drivers/STM32F4xx_HAL_Driver/Src/stm32f4xx_hal_dma.o
                0x08002db4                HAL_DMA_Init
 .text.HAL_DMA_Start_IT
                0x08002f10       0xb0 ./Drivers/STM32F4xx_HAL_Driver/Src/stm32f4xx_hal_dma.o
                0x08002f10                HAL_DMA_Start_IT
 .text.HAL_DMA_Abort
                0x08002fc0       0xe0 ./Drivers/STM32F4xx_HAL_Driver/Src/stm32f4xx_hal_dma.o
                0x08002fc0                HAL_DMA_Abort
 .text.HAL_DMA_Abort_IT
                0x080030a0       0x44 ./Drivers/STM32F4xx_HAL_Driver/Src/stm32f4xx_hal_dma.o
                0x080030a0                HAL_DMA_Abort_IT
 .text.HAL_DMA_IRQHandler
                0x080030e4      0x314 ./Drivers/STM32F4xx_HAL_Driver/Src/stm32f4xx_hal_dma.o
                0x080030e4                HAL_DMA_IRQHandler
 .text.HAL_DMA_GetState
                0x080033f8       0x1c ./Drivers/STM32F4xx_HAL_Driver/Src/stm32f4xx_hal_dma.o
                0x080033f8                HAL_DMA_GetState
 .text.HAL_DMA_GetError
                0x08003414       0x18 ./Drivers/STM32F4xx_HAL_Driver/Src/stm32f4xx_hal_dma.o
                0x08003414                HAL_DMA_GetError
 .text.DMA_SetConfig
                0x0800342c       0x5c ./Drivers/STM32F4xx_HAL_Driver/Src/stm32f4xx_hal_dma.o
 .text.DMA_CalcBaseAndBitshift
                0x08003488       0x6c ./Drivers/STM32F4xx_HAL_Driver/Src/stm32f4xx_hal_dma.o
 .text.DMA_CheckFifoParam
                0x080034f4       0xf8 ./Drivers/STM32F4xx_HAL_Driver/Src/stm32f4xx_hal_dma.o
 .text.HAL_GPIO_Init
                0x080035ec      0x308 ./Drivers/STM32F4xx_HAL_Driver/Src/stm32f4xx_hal_gpio.o
                0x080035ec                HAL_GPIO_Init
 .text.HAL_GPIO_WritePin
                0x080038f4       0x32 ./Drivers/STM32F4xx_HAL_Driver/Src/stm32f4xx_hal_gpio.o
                0x080038f4                HAL_GPIO_WritePin
 *fill*         0x08003926        0x2 
 .text.HAL_I2C_Init
                0x08003928      0x288 ./Drivers/STM32F4xx_HAL_Driver/Src/stm32f4xx_hal_i2c.o
                0x08003928                HAL_I2C_Init
 .text.I2C_Flush_DR
                0x08003bb0       0x2a ./Drivers/STM32F4xx_HAL_Driver/Src/stm32f4xx_hal_i2c.o
 *fill*         0x08003bda        0x2 
 .text.HAL_I2C_Mem_Write
                0x08003bdc      0x1f4 ./Drivers/STM32F4xx_HAL_Driver/Src/stm32f4xx_hal_i2c.o
                0x08003bdc                HAL_I2C_Mem_Write
 .text.HAL_I2C_Mem_Read
                0x08003dd0      0x464 ./Drivers/STM32F4xx_HAL_Driver/Src/stm32f4xx_hal_i2c.o
                0x08003dd0                HAL_I2C_Mem_Read
 .text.HAL_I2C_EV_IRQHandler
                0x08004234      0x2a6 ./Drivers/STM32F4xx_HAL_Driver/Src/stm32f4xx_hal_i2c.o
                0x08004234                HAL_I2C_EV_IRQHandler
 .text.HAL_I2C_ER_IRQHandler
                0x080044da      0x13e ./Drivers/STM32F4xx_HAL_Driver/Src/stm32f4xx_hal_i2c.o
                0x080044da                HAL_I2C_ER_IRQHandler
 .text.HAL_I2C_MasterTxCpltCallback
                0x08004618       0x14 ./Drivers/STM32F4xx_HAL_Driver/Src/stm32f4xx_hal_i2c.o
                0x08004618                HAL_I2C_MasterTxCpltCallback
 .text.HAL_I2C_MasterRxCpltCallback
                0x0800462c       0x14 ./Drivers/STM32F4xx_HAL_Driver/Src/stm32f4xx_hal_i2c.o
                0x0800462c                HAL_I2C_MasterRxCpltCallback
 .text.HAL_I2C_SlaveTxCpltCallback
                0x08004640       0x14 ./Drivers/STM32F4xx_HAL_Driver/Src/stm32f4xx_hal_i2c.o
                0x08004640                HAL_I2C_SlaveTxCpltCallback
 .text.HAL_I2C_SlaveRxCpltCallback
                0x08004654       0x14 ./Drivers/STM32F4xx_HAL_Driver/Src/stm32f4xx_hal_i2c.o
                0x08004654                HAL_I2C_SlaveRxCpltCallback
 .text.HAL_I2C_AddrCallback
                0x08004668       0x1c ./Drivers/STM32F4xx_HAL_Driver/Src/stm32f4xx_hal_i2c.o
                0x08004668                HAL_I2C_AddrCallback
 .text.HAL_I2C_ListenCpltCallback
                0x08004684       0x14 ./Drivers/STM32F4xx_HAL_Driver/Src/stm32f4xx_hal_i2c.o
                0x08004684                HAL_I2C_ListenCpltCallback
 .text.HAL_I2C_MemTxCpltCallback
                0x08004698       0x14 ./Drivers/STM32F4xx_HAL_Driver/Src/stm32f4xx_hal_i2c.o
                0x08004698                HAL_I2C_MemTxCpltCallback
 .text.HAL_I2C_MemRxCpltCallback
                0x080046ac       0x14 ./Drivers/STM32F4xx_HAL_Driver/Src/stm32f4xx_hal_i2c.o
                0x080046ac                HAL_I2C_MemRxCpltCallback
 .text.HAL_I2C_ErrorCallback
                0x080046c0       0x14 ./Drivers/STM32F4xx_HAL_Driver/Src/stm32f4xx_hal_i2c.o
                0x080046c0                HAL_I2C_ErrorCallback
 .text.HAL_I2C_AbortCpltCallback
                0x080046d4       0x14 ./Drivers/STM32F4xx_HAL_Driver/Src/stm32f4xx_hal_i2c.o
                0x080046d4                HAL_I2C_AbortCpltCallback
 .text.I2C_MasterTransmit_TXE
                0x080046e8      0x138 ./Drivers/STM32F4xx_HAL_Driver/Src/stm32f4xx_hal_i2c.o
 .text.I2C_MasterTransmit_BTF
                0x08004820       0xec ./Drivers/STM32F4xx_HAL_Driver/Src/stm32f4xx_hal_i2c.o
 .text.I2C_MemoryTransmit_TXE_BTF
                0x0800490c      0x130 ./Drivers/STM32F4xx_HAL_Driver/Src/stm32f4xx_hal_i2c.o
 .text.I2C_MasterReceive_RXNE
                0x08004a3c      0x190 ./Drivers/STM32F4xx_HAL_Driver/Src/stm32f4xx_hal_i2c.o
 .text.I2C_MasterReceive_BTF
                0x08004bcc      0x1ea ./Drivers/STM32F4xx_HAL_Driver/Src/stm32f4xx_hal_i2c.o
 .text.I2C_Master_SB
                0x08004db6      0x10c ./Drivers/STM32F4xx_HAL_Driver/Src/stm32f4xx_hal_i2c.o
 .text.I2C_Master_ADD10
                0x08004ec2       0x54 ./Drivers/STM32F4xx_HAL_Driver/Src/stm32f4xx_hal_i2c.o
 .text.I2C_Master_ADDR
                0x08004f16      0x322 ./Drivers/STM32F4xx_HAL_Driver/Src/stm32f4xx_hal_i2c.o
 .text.I2C_SlaveTransmit_TXE
                0x08005238       0x7a ./Drivers/STM32F4xx_HAL_Driver/Src/stm32f4xx_hal_i2c.o
 .text.I2C_SlaveTransmit_BTF
                0x080052b2       0x42 ./Drivers/STM32F4xx_HAL_Driver/Src/stm32f4xx_hal_i2c.o
 .text.I2C_SlaveReceive_RXNE
                0x080052f4       0x7c ./Drivers/STM32F4xx_HAL_Driver/Src/stm32f4xx_hal_i2c.o
 .text.I2C_SlaveReceive_BTF
                0x08005370       0x44 ./Drivers/STM32F4xx_HAL_Driver/Src/stm32f4xx_hal_i2c.o
 .text.I2C_Slave_ADDR
                0x080053b4       0x90 ./Drivers/STM32F4xx_HAL_Driver/Src/stm32f4xx_hal_i2c.o
 .text.I2C_Slave_STOPF
                0x08005444      0x260 ./Drivers/STM32F4xx_HAL_Driver/Src/stm32f4xx_hal_i2c.o
 .text.I2C_Slave_AF
                0x080056a4       0xe8 ./Drivers/STM32F4xx_HAL_Driver/Src/stm32f4xx_hal_i2c.o
 .text.I2C_ITError
                0x0800578c      0x264 ./Drivers/STM32F4xx_HAL_Driver/Src/stm32f4xx_hal_i2c.o
 .text.I2C_RequestMemoryWrite
                0x080059f0      0x12c ./Drivers/STM32F4xx_HAL_Driver/Src/stm32f4xx_hal_i2c.o
 .text.I2C_RequestMemoryRead
                0x08005b1c      0x1d0 ./Drivers/STM32F4xx_HAL_Driver/Src/stm32f4xx_hal_i2c.o
 .text.I2C_DMAAbort
                0x08005cec      0x150 ./Drivers/STM32F4xx_HAL_Driver/Src/stm32f4xx_hal_i2c.o
 .text.I2C_WaitOnFlagUntilTimeout
                0x08005e3c       0xf4 ./Drivers/STM32F4xx_HAL_Driver/Src/stm32f4xx_hal_i2c.o
 .text.I2C_WaitOnMasterAddressFlagUntilTimeout
                0x08005f30      0x140 ./Drivers/STM32F4xx_HAL_Driver/Src/stm32f4xx_hal_i2c.o
 .text.I2C_WaitOnTXEFlagUntilTimeout
                0x08006070       0x90 ./Drivers/STM32F4xx_HAL_Driver/Src/stm32f4xx_hal_i2c.o
 .text.I2C_WaitOnBTFFlagUntilTimeout
                0x08006100       0x90 ./Drivers/STM32F4xx_HAL_Driver/Src/stm32f4xx_hal_i2c.o
 .text.I2C_WaitOnSTOPRequestThroughIT
                0x08006190       0x64 ./Drivers/STM32F4xx_HAL_Driver/Src/stm32f4xx_hal_i2c.o
 .text.I2C_WaitOnRXNEFlagUntilTimeout
                0x080061f4       0xba ./Drivers/STM32F4xx_HAL_Driver/Src/stm32f4xx_hal_i2c.o
 .text.I2C_IsAcknowledgeFailed
                0x080062ae       0x5e ./Drivers/STM32F4xx_HAL_Driver/Src/stm32f4xx_hal_i2c.o
 .text.I2C_ConvertOtherXferOptions
                0x0800630c       0x36 ./Drivers/STM32F4xx_HAL_Driver/Src/stm32f4xx_hal_i2c.o
 *fill*         0x08006342        0x2 
 .text.HAL_RCC_OscConfig
                0x08006344      0x4f0 ./Drivers/STM32F4xx_HAL_Driver/Src/stm32f4xx_hal_rcc.o
                0x08006344                HAL_RCC_OscConfig
 .text.HAL_RCC_ClockConfig
                0x08006834      0x1cc ./Drivers/STM32F4xx_HAL_Driver/Src/stm32f4xx_hal_rcc.o
                0x08006834                HAL_RCC_ClockConfig
 .text.HAL_RCC_GetSysClockFreq
                0x08006a00      0x20c ./Drivers/STM32F4xx_HAL_Driver/Src/stm32f4xx_hal_rcc.o
                0x08006a00                HAL_RCC_GetSysClockFreq
 .text.HAL_RCC_GetHCLKFreq
                0x08006c0c       0x18 ./Drivers/STM32F4xx_HAL_Driver/Src/stm32f4xx_hal_rcc.o
                0x08006c0c                HAL_RCC_GetHCLKFreq
 .text.HAL_RCC_GetPCLK1Freq
                0x08006c24       0x28 ./Drivers/STM32F4xx_HAL_Driver/Src/stm32f4xx_hal_rcc.o
                0x08006c24                HAL_RCC_GetPCLK1Freq
 .text.HAL_RCC_GetPCLK2Freq
                0x08006c4c       0x28 ./Drivers/STM32F4xx_HAL_Driver/Src/stm32f4xx_hal_rcc.o
                0x08006c4c                HAL_RCC_GetPCLK2Freq
 .text.HAL_TIM_Base_Init
                0x08006c74       0xb8 ./Drivers/STM32F4xx_HAL_Driver/Src/stm32f4xx_hal_tim.o
                0x08006c74                HAL_TIM_Base_Init
 .text.HAL_TIM_Base_Start
                0x08006d2c       0xb4 ./Drivers/STM32F4xx_HAL_Driver/Src/stm32f4xx_hal_tim.o
                0x08006d2c                HAL_TIM_Base_Start
 .text.HAL_TIM_Base_Start_IT
                0x08006de0       0xc4 ./Drivers/STM32F4xx_HAL_Driver/Src/stm32f4xx_hal_tim.o
                0x08006de0                HAL_TIM_Base_Start_IT
 .text.HAL_TIM_OC_Init
                0x08006ea4       0xb8 ./Drivers/STM32F4xx_HAL_Driver/Src/stm32f4xx_hal_tim.o
                0x08006ea4                HAL_TIM_OC_Init
 .text.HAL_TIM_OC_MspInit
                0x08006f5c       0x14 ./Drivers/STM32F4xx_HAL_Driver/Src/stm32f4xx_hal_tim.o
                0x08006f5c                HAL_TIM_OC_MspInit
 .text.HAL_TIM_OnePulse_Init
                0x08006f70       0xbc ./Drivers/STM32F4xx_HAL_Driver/Src/stm32f4xx_hal_tim.o
                0x08006f70                HAL_TIM_OnePulse_Init
 .text.HAL_TIM_OnePulse_MspInit
                0x0800702c       0x14 ./Drivers/STM32F4xx_HAL_Driver/Src/stm32f4xx_hal_tim.o
                0x0800702c                HAL_TIM_OnePulse_MspInit
 .text.HAL_TIM_OnePulse_Start_IT
                0x08007040       0xcc ./Drivers/STM32F4xx_HAL_Driver/Src/stm32f4xx_hal_tim.o
                0x08007040                HAL_TIM_OnePulse_Start_IT
 .text.HAL_TIM_IRQHandler
                0x0800710c      0x220 ./Drivers/STM32F4xx_HAL_Driver/Src/stm32f4xx_hal_tim.o
                0x0800710c                HAL_TIM_IRQHandler
 .text.HAL_TIM_OC_ConfigChannel
                0x0800732c       0xb8 ./Drivers/STM32F4xx_HAL_Driver/Src/stm32f4xx_hal_tim.o
                0x0800732c                HAL_TIM_OC_ConfigChannel
 .text.HAL_TIM_ConfigClockSource
                0x080073e4      0x18e ./Drivers/STM32F4xx_HAL_Driver/Src/stm32f4xx_hal_tim.o
                0x080073e4                HAL_TIM_ConfigClockSource
 .text.HAL_TIM_PeriodElapsedCallback
                0x08007572       0x14 ./Drivers/STM32F4xx_HAL_Driver/Src/stm32f4xx_hal_tim.o
                0x08007572                HAL_TIM_PeriodElapsedCallback
 .text.HAL_TIM_PeriodElapsedHalfCpltCallback
                0x08007586       0x14 ./Drivers/STM32F4xx_HAL_Driver/Src/stm32f4xx_hal_tim.o
                0x08007586                HAL_TIM_PeriodElapsedHalfCpltCallback
 .text.HAL_TIM_OC_DelayElapsedCallback
                0x0800759a       0x14 ./Drivers/STM32F4xx_HAL_Driver/Src/stm32f4xx_hal_tim.o
                0x0800759a                HAL_TIM_OC_DelayElapsedCallback
 .text.HAL_TIM_IC_CaptureCallback
                0x080075ae       0x14 ./Drivers/STM32F4xx_HAL_Driver/Src/stm32f4xx_hal_tim.o
                0x080075ae                HAL_TIM_IC_CaptureCallback
 .text.HAL_TIM_IC_CaptureHalfCpltCallback
                0x080075c2       0x14 ./Drivers/STM32F4xx_HAL_Driver/Src/stm32f4xx_hal_tim.o
                0x080075c2                HAL_TIM_IC_CaptureHalfCpltCallback
 .text.HAL_TIM_PWM_PulseFinishedCallback
                0x080075d6       0x14 ./Drivers/STM32F4xx_HAL_Driver/Src/stm32f4xx_hal_tim.o
                0x080075d6                HAL_TIM_PWM_PulseFinishedCallback
 .text.HAL_TIM_PWM_PulseFinishedHalfCpltCallback
                0x080075ea       0x14 ./Drivers/STM32F4xx_HAL_Driver/Src/stm32f4xx_hal_tim.o
                0x080075ea                HAL_TIM_PWM_PulseFinishedHalfCpltCallback
 .text.HAL_TIM_TriggerCallback
                0x080075fe       0x14 ./Drivers/STM32F4xx_HAL_Driver/Src/stm32f4xx_hal_tim.o
                0x080075fe                HAL_TIM_TriggerCallback
 .text.HAL_TIM_TriggerHalfCpltCallback
                0x08007612       0x14 ./Drivers/STM32F4xx_HAL_Driver/Src/stm32f4xx_hal_tim.o
                0x08007612                HAL_TIM_TriggerHalfCpltCallback
 .text.HAL_TIM_ErrorCallback
                0x08007626       0x14 ./Drivers/STM32F4xx_HAL_Driver/Src/stm32f4xx_hal_tim.o
                0x08007626                HAL_TIM_ErrorCallback
 *fill*         0x0800763a        0x2 
 .text.HAL_TIM_RegisterCallback
                0x0800763c      0x274 ./Drivers/STM32F4xx_HAL_Driver/Src/stm32f4xx_hal_tim.o
                0x0800763c                HAL_TIM_RegisterCallback
 .text.TIM_Base_SetConfig
                0x080078b0      0x118 ./Drivers/STM32F4xx_HAL_Driver/Src/stm32f4xx_hal_tim.o
                0x080078b0                TIM_Base_SetConfig
 .text.TIM_OC1_SetConfig
                0x080079c8       0xcc ./Drivers/STM32F4xx_HAL_Driver/Src/stm32f4xx_hal_tim.o
 .text.TIM_OC2_SetConfig
                0x08007a94       0xd8 ./Drivers/STM32F4xx_HAL_Driver/Src/stm32f4xx_hal_tim.o
                0x08007a94                TIM_OC2_SetConfig
 .text.TIM_OC3_SetConfig
                0x08007b6c       0xd4 ./Drivers/STM32F4xx_HAL_Driver/Src/stm32f4xx_hal_tim.o
 .text.TIM_OC4_SetConfig
                0x08007c40       0xa0 ./Drivers/STM32F4xx_HAL_Driver/Src/stm32f4xx_hal_tim.o
 .text.TIM_TI1_ConfigInputStage
                0x08007ce0       0x5e ./Drivers/STM32F4xx_HAL_Driver/Src/stm32f4xx_hal_tim.o
 .text.TIM_TI2_ConfigInputStage
                0x08007d3e       0x60 ./Drivers/STM32F4xx_HAL_Driver/Src/stm32f4xx_hal_tim.o
 .text.TIM_ITRx_SetConfig
                0x08007d9e       0x36 ./Drivers/STM32F4xx_HAL_Driver/Src/stm32f4xx_hal_tim.o
 .text.TIM_ETR_SetConfig
                0x08007dd4       0x40 ./Drivers/STM32F4xx_HAL_Driver/Src/stm32f4xx_hal_tim.o
                0x08007dd4                TIM_ETR_SetConfig
 .text.TIM_CCxChannelCmd
                0x08007e14       0x4a ./Drivers/STM32F4xx_HAL_Driver/Src/stm32f4xx_hal_tim.o
                0x08007e14                TIM_CCxChannelCmd
 *fill*         0x08007e5e        0x2 
 .text.TIM_ResetCallback
                0x08007e60       0xb0 ./Drivers/STM32F4xx_HAL_Driver/Src/stm32f4xx_hal_tim.o
                0x08007e60                TIM_ResetCallback
 .text.HAL_TIMEx_MasterConfigSynchronization
                0x08007f10       0xdc ./Drivers/STM32F4xx_HAL_Driver/Src/stm32f4xx_hal_tim_ex.o
                0x08007f10                HAL_TIMEx_MasterConfigSynchronization
 .text.HAL_TIMEx_CommutCallback
                0x08007fec       0x14 ./Drivers/STM32F4xx_HAL_Driver/Src/stm32f4xx_hal_tim_ex.o
                0x08007fec                HAL_TIMEx_CommutCallback
 .text.HAL_TIMEx_CommutHalfCpltCallback
                0x08008000       0x14 ./Drivers/STM32F4xx_HAL_Driver/Src/stm32f4xx_hal_tim_ex.o
                0x08008000                HAL_TIMEx_CommutHalfCpltCallback
 .text.HAL_TIMEx_BreakCallback
                0x08008014       0x14 ./Drivers/STM32F4xx_HAL_Driver/Src/stm32f4xx_hal_tim_ex.o
                0x08008014                HAL_TIMEx_BreakCallback
 .text.HAL_UART_Init
                0x08008028       0xbc ./Drivers/STM32F4xx_HAL_Driver/Src/stm32f4xx_hal_uart.o
                0x08008028                HAL_UART_Init
 .text.HAL_UART_RegisterCallback
                0x080080e4      0x130 ./Drivers/STM32F4xx_HAL_Driver/Src/stm32f4xx_hal_uart.o
                0x080080e4                HAL_UART_RegisterCallback
 .text.HAL_UART_Receive_IT
                0x08008214       0x4a ./Drivers/STM32F4xx_HAL_Driver/Src/stm32f4xx_hal_uart.o
                0x08008214                HAL_UART_Receive_IT
 *fill*         0x0800825e        0x2 
 .text.HAL_UART_Transmit_DMA
                0x08008260       0xe0 ./Drivers/STM32F4xx_HAL_Driver/Src/stm32f4xx_hal_uart.o
                0x08008260                HAL_UART_Transmit_DMA
 .text.HAL_UART_AbortReceive
                0x08008340      0x146 ./Drivers/STM32F4xx_HAL_Driver/Src/stm32f4xx_hal_uart.o
                0x08008340                HAL_UART_AbortReceive
 *fill*         0x08008486        0x2 
 .text.HAL_UART_IRQHandler
                0x08008488      0x530 ./Drivers/STM32F4xx_HAL_Driver/Src/stm32f4xx_hal_uart.o
                0x08008488                HAL_UART_IRQHandler
 .text.HAL_UART_TxCpltCallback
                0x080089b8       0x14 ./Drivers/STM32F4xx_HAL_Driver/Src/stm32f4xx_hal_uart.o
                0x080089b8                HAL_UART_TxCpltCallback
 .text.HAL_UART_TxHalfCpltCallback
                0x080089cc       0x14 ./Drivers/STM32F4xx_HAL_Driver/Src/stm32f4xx_hal_uart.o
                0x080089cc                HAL_UART_TxHalfCpltCallback
 .text.HAL_UART_RxCpltCallback
                0x080089e0       0x14 ./Drivers/STM32F4xx_HAL_Driver/Src/stm32f4xx_hal_uart.o
                0x080089e0                HAL_UART_RxCpltCallback
 .text.HAL_UART_RxHalfCpltCallback
                0x080089f4       0x14 ./Drivers/STM32F4xx_HAL_Driver/Src/stm32f4xx_hal_uart.o
                0x080089f4                HAL_UART_RxHalfCpltCallback
 .text.HAL_UART_ErrorCallback
                0x08008a08       0x14 ./Drivers/STM32F4xx_HAL_Driver/Src/stm32f4xx_hal_uart.o
                0x08008a08                HAL_UART_ErrorCallback
 .text.HAL_UART_AbortCpltCallback
                0x08008a1c       0x14 ./Drivers/STM32F4xx_HAL_Driver/Src/stm32f4xx_hal_uart.o
                0x08008a1c                HAL_UART_AbortCpltCallback
 .text.HAL_UART_AbortTransmitCpltCallback
                0x08008a30       0x14 ./Drivers/STM32F4xx_HAL_Driver/Src/stm32f4xx_hal_uart.o
                0x08008a30                HAL_UART_AbortTransmitCpltCallback
 .text.HAL_UART_AbortReceiveCpltCallback
                0x08008a44       0x14 ./Drivers/STM32F4xx_HAL_Driver/Src/stm32f4xx_hal_uart.o
                0x08008a44                HAL_UART_AbortReceiveCpltCallback
 .text.HAL_UARTEx_RxEventCallback
                0x08008a58       0x18 ./Drivers/STM32F4xx_HAL_Driver/Src/stm32f4xx_hal_uart.o
                0x08008a58                HAL_UARTEx_RxEventCallback
 .text.UART_InitCallbacksToDefault
                0x08008a70       0x70 ./Drivers/STM32F4xx_HAL_Driver/Src/stm32f4xx_hal_uart.o
                0x08008a70                UART_InitCallbacksToDefault
 .text.UART_DMATransmitCplt
                0x08008ae0       0x9c ./Drivers/STM32F4xx_HAL_Driver/Src/stm32f4xx_hal_uart.o
 .text.UART_DMATxHalfCplt
                0x08008b7c       0x1e ./Drivers/STM32F4xx_HAL_Driver/Src/stm32f4xx_hal_uart.o
 .text.UART_DMAError
                0x08008b9a       0x96 ./Drivers/STM32F4xx_HAL_Driver/Src/stm32f4xx_hal_uart.o
 .text.UART_Start_Receive_IT
                0x08008c30       0x74 ./Drivers/STM32F4xx_HAL_Driver/Src/stm32f4xx_hal_uart.o
                0x08008c30                UART_Start_Receive_IT
 .text.UART_EndTxTransfer
                0x08008ca4       0x50 ./Drivers/STM32F4xx_HAL_Driver/Src/stm32f4xx_hal_uart.o
 .text.UART_EndRxTransfer
                0x08008cf4       0xc6 ./Drivers/STM32F4xx_HAL_Driver/Src/stm32f4xx_hal_uart.o
 .text.UART_DMAAbortOnError
                0x08008dba       0x2a ./Drivers/STM32F4xx_HAL_Driver/Src/stm32f4xx_hal_uart.o
 .text.UART_Transmit_IT
                0x08008de4       0xa0 ./Drivers/STM32F4xx_HAL_Driver/Src/stm32f4xx_hal_uart.o
 .text.UART_EndTransmit_IT
                0x08008e84       0x32 ./Drivers/STM32F4xx_HAL_Driver/Src/stm32f4xx_hal_uart.o
 .text.UART_Receive_IT
                0x08008eb6      0x180 ./Drivers/STM32F4xx_HAL_Driver/Src/stm32f4xx_hal_uart.o
 *fill*         0x08009036        0x2 
 .text.UART_SetConfig
                0x08009038      0x4e8 ./Drivers/STM32F4xx_HAL_Driver/Src/stm32f4xx_hal_uart.o
 .text.arm_cmplx_mag_f32
                0x08009520       0x88 ./Middlewares/Third_Party/ARM_CMSIS/Source/ComplexMathFunctions/ComplexMathFunctions.o
                0x08009520                arm_cmplx_mag_f32
 .text.arm_max_f32
                0x080095a8       0x70 ./Middlewares/Third_Party/ARM_CMSIS/Source/StatisticsFunctions/StatisticsFunctions.o
                0x080095a8                arm_max_f32
 .text.arm_bitreversal_32
                0x08009618       0xb2 ./Middlewares/Third_Party/ARM_CMSIS/Source/TransformFunctions/TransformFunctions.o
                0x08009618                arm_bitreversal_32
 .text.arm_cfft_radix8by2_f32
                0x080096ca      0x3e8 ./Middlewares/Third_Party/ARM_CMSIS/Source/TransformFunctions/TransformFunctions.o
                0x080096ca                arm_cfft_radix8by2_f32
 .text.arm_cfft_radix8by4_f32
                0x08009ab2      0xc60 ./Middlewares/Third_Party/ARM_CMSIS/Source/TransformFunctions/TransformFunctions.o
                0x08009ab2                arm_cfft_radix8by4_f32
 .text.arm_cfft_f32
                0x0800a712      0x174 ./Middlewares/Third_Party/ARM_CMSIS/Source/TransformFunctions/TransformFunctions.o
                0x0800a712                arm_cfft_f32
 *fill*         0x0800a886        0x2 
 .text.arm_cfft_init_2048_f32
                0x0800a888       0x48 ./Middlewares/Third_Party/ARM_CMSIS/Source/TransformFunctions/TransformFunctions.o
                0x0800a888                arm_cfft_init_2048_f32
 .text.arm_cfft_init_1024_f32
                0x0800a8d0       0x48 ./Middlewares/Third_Party/ARM_CMSIS/Source/TransformFunctions/TransformFunctions.o
                0x0800a8d0                arm_cfft_init_1024_f32
 .text.arm_cfft_init_512_f32
                0x0800a918       0x48 ./Middlewares/Third_Party/ARM_CMSIS/Source/TransformFunctions/TransformFunctions.o
                0x0800a918                arm_cfft_init_512_f32
 .text.arm_cfft_init_256_f32
                0x0800a960       0x48 ./Middlewares/Third_Party/ARM_CMSIS/Source/TransformFunctions/TransformFunctions.o
                0x0800a960                arm_cfft_init_256_f32
 .text.arm_cfft_init_128_f32
                0x0800a9a8       0x44 ./Middlewares/Third_Party/ARM_CMSIS/Source/TransformFunctions/TransformFunctions.o
                0x0800a9a8                arm_cfft_init_128_f32
 .text.arm_cfft_init_64_f32
                0x0800a9ec       0x44 ./Middlewares/Third_Party/ARM_CMSIS/Source/TransformFunctions/TransformFunctions.o
                0x0800a9ec                arm_cfft_init_64_f32
 .text.arm_cfft_init_32_f32
                0x0800aa30       0x44 ./Middlewares/Third_Party/ARM_CMSIS/Source/TransformFunctions/TransformFunctions.o
                0x0800aa30                arm_cfft_init_32_f32
 .text.arm_cfft_init_16_f32
                0x0800aa74       0x44 ./Middlewares/Third_Party/ARM_CMSIS/Source/TransformFunctions/TransformFunctions.o
                0x0800aa74                arm_cfft_init_16_f32
 .text.arm_radix8_butterfly_f32
                0x0800aab8     0x100c ./Middlewares/Third_Party/ARM_CMSIS/Source/TransformFunctions/TransformFunctions.o
                0x0800aab8                arm_radix8_butterfly_f32
 .text.stage_rfft_f32
                0x0800bac4      0x1ca ./Middlewares/Third_Party/ARM_CMSIS/Source/TransformFunctions/TransformFunctions.o
                0x0800bac4                stage_rfft_f32
 .text.merge_rfft_f32
                0x0800bc8e      0x192 ./Middlewares/Third_Party/ARM_CMSIS/Source/TransformFunctions/TransformFunctions.o
                0x0800bc8e                merge_rfft_f32
 .text.arm_rfft_fast_f32
                0x0800be20       0x4e ./Middlewares/Third_Party/ARM_CMSIS/Source/TransformFunctions/TransformFunctions.o
                0x0800be20                arm_rfft_fast_f32
 *fill*         0x0800be6e        0x2 
 .text.arm_rfft_fast_init_32_f32
                0x0800be70       0x48 ./Middlewares/Third_Party/ARM_CMSIS/Source/TransformFunctions/TransformFunctions.o
                0x0800be70                arm_rfft_fast_init_32_f32
 .text.arm_rfft_fast_init_64_f32
                0x0800beb8       0x48 ./Middlewares/Third_Party/ARM_CMSIS/Source/TransformFunctions/TransformFunctions.o
                0x0800beb8                arm_rfft_fast_init_64_f32
 .text.arm_rfft_fast_init_128_f32
                0x0800bf00       0x48 ./Middlewares/Third_Party/ARM_CMSIS/Source/TransformFunctions/TransformFunctions.o
                0x0800bf00                arm_rfft_fast_init_128_f32
 .text.arm_rfft_fast_init_256_f32
                0x0800bf48       0x4c ./Middlewares/Third_Party/ARM_CMSIS/Source/TransformFunctions/TransformFunctions.o
                0x0800bf48                arm_rfft_fast_init_256_f32
 .text.arm_rfft_fast_init_512_f32
                0x0800bf94       0x4c ./Middlewares/Third_Party/ARM_CMSIS/Source/TransformFunctions/TransformFunctions.o
                0x0800bf94                arm_rfft_fast_init_512_f32
 .text.arm_rfft_fast_init_1024_f32
                0x0800bfe0       0x4c ./Middlewares/Third_Party/ARM_CMSIS/Source/TransformFunctions/TransformFunctions.o
                0x0800bfe0                arm_rfft_fast_init_1024_f32
 .text.arm_rfft_fast_init_2048_f32
                0x0800c02c       0x4c ./Middlewares/Third_Party/ARM_CMSIS/Source/TransformFunctions/TransformFunctions.o
                0x0800c02c                arm_rfft_fast_init_2048_f32
 .text.arm_rfft_fast_init_4096_f32
                0x0800c078       0x4c ./Middlewares/Third_Party/ARM_CMSIS/Source/TransformFunctions/TransformFunctions.o
                0x0800c078                arm_rfft_fast_init_4096_f32
 .text.arm_rfft_fast_init_f32
                0x0800c0c4       0xce ./Middlewares/Third_Party/ARM_CMSIS/Source/TransformFunctions/TransformFunctions.o
                0x0800c0c4                arm_rfft_fast_init_f32
 *fill*         0x0800c192        0x2 
 .text.arm_rfft_init_8192_q15
                0x0800c194       0x58 ./Middlewares/Third_Party/ARM_CMSIS/Source/TransformFunctions/TransformFunctions.o
                0x0800c194                arm_rfft_init_8192_q15
 .text.arm_rfft_init_4096_q15
                0x0800c1ec       0x58 ./Middlewares/Third_Party/ARM_CMSIS/Source/TransformFunctions/TransformFunctions.o
                0x0800c1ec                arm_rfft_init_4096_q15
 .text.arm_rfft_init_2048_q15
                0x0800c244       0x58 ./Middlewares/Third_Party/ARM_CMSIS/Source/TransformFunctions/TransformFunctions.o
                0x0800c244                arm_rfft_init_2048_q15
 .text.arm_rfft_init_1024_q15
                0x0800c29c       0x58 ./Middlewares/Third_Party/ARM_CMSIS/Source/TransformFunctions/TransformFunctions.o
                0x0800c29c                arm_rfft_init_1024_q15
 .text.arm_rfft_init_512_q15
                0x0800c2f4       0x58 ./Middlewares/Third_Party/ARM_CMSIS/Source/TransformFunctions/TransformFunctions.o
                0x0800c2f4                arm_rfft_init_512_q15
 .text.arm_rfft_init_256_q15
                0x0800c34c       0x58 ./Middlewares/Third_Party/ARM_CMSIS/Source/TransformFunctions/TransformFunctions.o
                0x0800c34c                arm_rfft_init_256_q15
 .text.arm_rfft_init_128_q15
                0x0800c3a4       0x54 ./Middlewares/Third_Party/ARM_CMSIS/Source/TransformFunctions/TransformFunctions.o
                0x0800c3a4                arm_rfft_init_128_q15
 .text.arm_rfft_init_64_q15
                0x0800c3f8       0x54 ./Middlewares/Third_Party/ARM_CMSIS/Source/TransformFunctions/TransformFunctions.o
                0x0800c3f8                arm_rfft_init_64_q15
 .text.arm_rfft_init_32_q15
                0x0800c44c       0x58 ./Middlewares/Third_Party/ARM_CMSIS/Source/TransformFunctions/TransformFunctions.o
                0x0800c44c                arm_rfft_init_32_q15
 .text.arm_rfft_init_q15
                0x0800c4a4      0x12e ./Middlewares/Third_Party/ARM_CMSIS/Source/TransformFunctions/TransformFunctions.o
                0x0800c4a4                arm_rfft_init_q15
 .text.memset   0x0800c5d2       0x10 E:/STM32CubeIDE_1.15.1/STM32CubeIDE/plugins/com.st.stm32cube.ide.mcu.externaltools.gnu-tools-for-stm32.12.3.rel1.win32_1.0.100.202403111256/tools/bin/../lib/gcc/arm-none-eabi/12.3.1/../../../../arm-none-eabi/lib/thumb/v7e-m+fp/hard\libc_nano.a(libc_a-memset.o)
                0x0800c5d2                memset
 *fill*         0x0800c5e2        0x2 
 .text.__libc_init_array
                0x0800c5e4       0x48 E:/STM32CubeIDE_1.15.1/STM32CubeIDE/plugins/com.st.stm32cube.ide.mcu.externaltools.gnu-tools-for-stm32.12.3.rel1.win32_1.0.100.202403111256/tools/bin/../lib/gcc/arm-none-eabi/12.3.1/../../../../arm-none-eabi/lib/thumb/v7e-m+fp/hard\libc_nano.a(libc_a-init.o)
                0x0800c5e4                __libc_init_array
 .text.memcpy   0x0800c62c       0x1c E:/STM32CubeIDE_1.15.1/STM32CubeIDE/plugins/com.st.stm32cube.ide.mcu.externaltools.gnu-tools-for-stm32.12.3.rel1.win32_1.0.100.202403111256/tools/bin/../lib/gcc/arm-none-eabi/12.3.1/../../../../arm-none-eabi/lib/thumb/v7e-m+fp/hard\libc_nano.a(libc_a-memcpy-stub.o)
                0x0800c62c                memcpy
 *(.glue_7)
 .glue_7        0x0800c648        0x0 linker stubs
 *(.glue_7t)
 .glue_7t       0x0800c648        0x0 linker stubs
 *(.eh_frame)
 .eh_frame      0x0800c648        0x0 E:/STM32CubeIDE_1.15.1/STM32CubeIDE/plugins/com.st.stm32cube.ide.mcu.externaltools.gnu-tools-for-stm32.12.3.rel1.win32_1.0.100.202403111256/tools/bin/../lib/gcc/arm-none-eabi/12.3.1/thumb/v7e-m+fp/hard/crtbegin.o
 *(.init)
 .init          0x0800c648        0x4 E:/STM32CubeIDE_1.15.1/STM32CubeIDE/plugins/com.st.stm32cube.ide.mcu.externaltools.gnu-tools-for-stm32.12.3.rel1.win32_1.0.100.202403111256/tools/bin/../lib/gcc/arm-none-eabi/12.3.1/thumb/v7e-m+fp/hard/crti.o
                0x0800c648                _init
 .init          0x0800c64c        0x8 E:/STM32CubeIDE_1.15.1/STM32CubeIDE/plugins/com.st.stm32cube.ide.mcu.externaltools.gnu-tools-for-stm32.12.3.rel1.win32_1.0.100.202403111256/tools/bin/../lib/gcc/arm-none-eabi/12.3.1/thumb/v7e-m+fp/hard/crtn.o
 *(.fini)
 .fini          0x0800c654        0x4 E:/STM32CubeIDE_1.15.1/STM32CubeIDE/plugins/com.st.stm32cube.ide.mcu.externaltools.gnu-tools-for-stm32.12.3.rel1.win32_1.0.100.202403111256/tools/bin/../lib/gcc/arm-none-eabi/12.3.1/thumb/v7e-m+fp/hard/crti.o
                0x0800c654                _fini
 .fini          0x0800c658        0x8 E:/STM32CubeIDE_1.15.1/STM32CubeIDE/plugins/com.st.stm32cube.ide.mcu.externaltools.gnu-tools-for-stm32.12.3.rel1.win32_1.0.100.202403111256/tools/bin/../lib/gcc/arm-none-eabi/12.3.1/thumb/v7e-m+fp/hard/crtn.o
                0x0800c660                        . = ALIGN (0x4)
                0x0800c660                        _etext = .

.vfp11_veneer   0x0800c660        0x0
 .vfp11_veneer  0x0800c660        0x0 linker stubs

.v4_bx          0x0800c660        0x0
 .v4_bx         0x0800c660        0x0 linker stubs

.iplt           0x0800c660        0x0
 .iplt          0x0800c660        0x0 E:/STM32CubeIDE_1.15.1/STM32CubeIDE/plugins/com.st.stm32cube.ide.mcu.externaltools.gnu-tools-for-stm32.12.3.rel1.win32_1.0.100.202403111256/tools/bin/../lib/gcc/arm-none-eabi/12.3.1/thumb/v7e-m+fp/hard/crtbegin.o

.rodata         0x0800c660    0x25354
                0x0800c660                        . = ALIGN (0x4)
 *(.rodata)
 .rodata        0x0800c660        0x2 ./Core/Src/main.o
 *(.rodata*)
 *fill*         0x0800c662        0x2 
 .rodata.AHBPrescTable
                0x0800c664       0x10 ./Core/Src/system_stm32f4xx.o
                0x0800c664                AHBPrescTable
 .rodata.APBPrescTable
                0x0800c674        0x8 ./Core/Src/system_stm32f4xx.o
                0x0800c674                APBPrescTable
 .rodata.flagBitshiftOffset.0
                0x0800c67c        0x8 ./Drivers/STM32F4xx_HAL_Driver/Src/stm32f4xx_hal_dma.o
 .rodata.twiddleCoef_16
                0x0800c684       0x80 ./Middlewares/Third_Party/ARM_CMSIS/Source/CommonTables/CommonTables.o
                0x0800c684                twiddleCoef_16
 .rodata.twiddleCoef_32
                0x0800c704      0x100 ./Middlewares/Third_Party/ARM_CMSIS/Source/CommonTables/CommonTables.o
                0x0800c704                twiddleCoef_32
 .rodata.twiddleCoef_64
                0x0800c804      0x200 ./Middlewares/Third_Party/ARM_CMSIS/Source/CommonTables/CommonTables.o
                0x0800c804                twiddleCoef_64
 .rodata.twiddleCoef_128
                0x0800ca04      0x400 ./Middlewares/Third_Party/ARM_CMSIS/Source/CommonTables/CommonTables.o
                0x0800ca04                twiddleCoef_128
 .rodata.twiddleCoef_256
                0x0800ce04      0x800 ./Middlewares/Third_Party/ARM_CMSIS/Source/CommonTables/CommonTables.o
                0x0800ce04                twiddleCoef_256
 .rodata.twiddleCoef_512
                0x0800d604     0x1000 ./Middlewares/Third_Party/ARM_CMSIS/Source/CommonTables/CommonTables.o
                0x0800d604                twiddleCoef_512
 .rodata.twiddleCoef_1024
                0x0800e604     0x2000 ./Middlewares/Third_Party/ARM_CMSIS/Source/CommonTables/CommonTables.o
                0x0800e604                twiddleCoef_1024
 .rodata.twiddleCoef_2048
                0x08010604     0x4000 ./Middlewares/Third_Party/ARM_CMSIS/Source/CommonTables/CommonTables.o
                0x08010604                twiddleCoef_2048
 .rodata.twiddleCoef_16_q15
                0x08014604       0x30 ./Middlewares/Third_Party/ARM_CMSIS/Source/CommonTables/CommonTables.o
                0x08014604                twiddleCoef_16_q15
 .rodata.twiddleCoef_32_q15
                0x08014634       0x60 ./Middlewares/Third_Party/ARM_CMSIS/Source/CommonTables/CommonTables.o
                0x08014634                twiddleCoef_32_q15
 .rodata.twiddleCoef_64_q15
                0x08014694       0xc0 ./Middlewares/Third_Party/ARM_CMSIS/Source/CommonTables/CommonTables.o
                0x08014694                twiddleCoef_64_q15
 .rodata.twiddleCoef_128_q15
                0x08014754      0x180 ./Middlewares/Third_Party/ARM_CMSIS/Source/CommonTables/CommonTables.o
                0x08014754                twiddleCoef_128_q15
 .rodata.twiddleCoef_256_q15
                0x080148d4      0x300 ./Middlewares/Third_Party/ARM_CMSIS/Source/CommonTables/CommonTables.o
                0x080148d4                twiddleCoef_256_q15
 .rodata.twiddleCoef_512_q15
                0x08014bd4      0x600 ./Middlewares/Third_Party/ARM_CMSIS/Source/CommonTables/CommonTables.o
                0x08014bd4                twiddleCoef_512_q15
 .rodata.twiddleCoef_1024_q15
                0x080151d4      0xc00 ./Middlewares/Third_Party/ARM_CMSIS/Source/CommonTables/CommonTables.o
                0x080151d4                twiddleCoef_1024_q15
 .rodata.twiddleCoef_2048_q15
                0x08015dd4     0x1800 ./Middlewares/Third_Party/ARM_CMSIS/Source/CommonTables/CommonTables.o
                0x08015dd4                twiddleCoef_2048_q15
 .rodata.twiddleCoef_4096_q15
                0x080175d4     0x3000 ./Middlewares/Third_Party/ARM_CMSIS/Source/CommonTables/CommonTables.o
                0x080175d4                twiddleCoef_4096_q15
 .rodata.armBitRevIndexTable16
                0x0801a5d4       0x28 ./Middlewares/Third_Party/ARM_CMSIS/Source/CommonTables/CommonTables.o
                0x0801a5d4                armBitRevIndexTable16
 .rodata.armBitRevIndexTable32
                0x0801a5fc       0x60 ./Middlewares/Third_Party/ARM_CMSIS/Source/CommonTables/CommonTables.o
                0x0801a5fc                armBitRevIndexTable32
 .rodata.armBitRevIndexTable64
                0x0801a65c       0x70 ./Middlewares/Third_Party/ARM_CMSIS/Source/CommonTables/CommonTables.o
                0x0801a65c                armBitRevIndexTable64
 .rodata.armBitRevIndexTable128
                0x0801a6cc      0x1a0 ./Middlewares/Third_Party/ARM_CMSIS/Source/CommonTables/CommonTables.o
                0x0801a6cc                armBitRevIndexTable128
 .rodata.armBitRevIndexTable256
                0x0801a86c      0x370 ./Middlewares/Third_Party/ARM_CMSIS/Source/CommonTables/CommonTables.o
                0x0801a86c                armBitRevIndexTable256
 .rodata.armBitRevIndexTable512
                0x0801abdc      0x380 ./Middlewares/Third_Party/ARM_CMSIS/Source/CommonTables/CommonTables.o
                0x0801abdc                armBitRevIndexTable512
 .rodata.armBitRevIndexTable1024
                0x0801af5c      0xe10 ./Middlewares/Third_Party/ARM_CMSIS/Source/CommonTables/CommonTables.o
                0x0801af5c                armBitRevIndexTable1024
 .rodata.armBitRevIndexTable2048
                0x0801bd6c     0x1dc0 ./Middlewares/Third_Party/ARM_CMSIS/Source/CommonTables/CommonTables.o
                0x0801bd6c                armBitRevIndexTable2048
 .rodata.armBitRevIndexTable_fixed_16
                0x0801db2c       0x18 ./Middlewares/Third_Party/ARM_CMSIS/Source/CommonTables/CommonTables.o
                0x0801db2c                armBitRevIndexTable_fixed_16
 .rodata.armBitRevIndexTable_fixed_32
                0x0801db44       0x30 ./Middlewares/Third_Party/ARM_CMSIS/Source/CommonTables/CommonTables.o
                0x0801db44                armBitRevIndexTable_fixed_32
 .rodata.armBitRevIndexTable_fixed_64
                0x0801db74       0x70 ./Middlewares/Third_Party/ARM_CMSIS/Source/CommonTables/CommonTables.o
                0x0801db74                armBitRevIndexTable_fixed_64
 .rodata.armBitRevIndexTable_fixed_128
                0x0801dbe4       0xe0 ./Middlewares/Third_Party/ARM_CMSIS/Source/CommonTables/CommonTables.o
                0x0801dbe4                armBitRevIndexTable_fixed_128
 .rodata.armBitRevIndexTable_fixed_256
                0x0801dcc4      0x1e0 ./Middlewares/Third_Party/ARM_CMSIS/Source/CommonTables/CommonTables.o
                0x0801dcc4                armBitRevIndexTable_fixed_256
 .rodata.armBitRevIndexTable_fixed_512
                0x0801dea4      0x3c0 ./Middlewares/Third_Party/ARM_CMSIS/Source/CommonTables/CommonTables.o
                0x0801dea4                armBitRevIndexTable_fixed_512
 .rodata.armBitRevIndexTable_fixed_1024
                0x0801e264      0x7c0 ./Middlewares/Third_Party/ARM_CMSIS/Source/CommonTables/CommonTables.o
                0x0801e264                armBitRevIndexTable_fixed_1024
 .rodata.armBitRevIndexTable_fixed_2048
                0x0801ea24      0xf80 ./Middlewares/Third_Party/ARM_CMSIS/Source/CommonTables/CommonTables.o
                0x0801ea24                armBitRevIndexTable_fixed_2048
 .rodata.armBitRevIndexTable_fixed_4096
                0x0801f9a4     0x1f80 ./Middlewares/Third_Party/ARM_CMSIS/Source/CommonTables/CommonTables.o
                0x0801f9a4                armBitRevIndexTable_fixed_4096
 .rodata.twiddleCoef_rfft_32
                0x08021924       0x80 ./Middlewares/Third_Party/ARM_CMSIS/Source/CommonTables/CommonTables.o
                0x08021924                twiddleCoef_rfft_32
 .rodata.twiddleCoef_rfft_64
                0x080219a4      0x100 ./Middlewares/Third_Party/ARM_CMSIS/Source/CommonTables/CommonTables.o
                0x080219a4                twiddleCoef_rfft_64
 .rodata.twiddleCoef_rfft_128
                0x08021aa4      0x200 ./Middlewares/Third_Party/ARM_CMSIS/Source/CommonTables/CommonTables.o
                0x08021aa4                twiddleCoef_rfft_128
 .rodata.twiddleCoef_rfft_256
                0x08021ca4      0x400 ./Middlewares/Third_Party/ARM_CMSIS/Source/CommonTables/CommonTables.o
                0x08021ca4                twiddleCoef_rfft_256
 .rodata.twiddleCoef_rfft_512
                0x080220a4      0x800 ./Middlewares/Third_Party/ARM_CMSIS/Source/CommonTables/CommonTables.o
                0x080220a4                twiddleCoef_rfft_512
 .rodata.twiddleCoef_rfft_1024
                0x080228a4     0x1000 ./Middlewares/Third_Party/ARM_CMSIS/Source/CommonTables/CommonTables.o
                0x080228a4                twiddleCoef_rfft_1024
 .rodata.twiddleCoef_rfft_2048
                0x080238a4     0x2000 ./Middlewares/Third_Party/ARM_CMSIS/Source/CommonTables/CommonTables.o
                0x080238a4                twiddleCoef_rfft_2048
 .rodata.twiddleCoef_rfft_4096
                0x080258a4     0x4000 ./Middlewares/Third_Party/ARM_CMSIS/Source/CommonTables/CommonTables.o
                0x080258a4                twiddleCoef_rfft_4096
 .rodata.realCoefAQ15
                0x080298a4     0x4000 ./Middlewares/Third_Party/ARM_CMSIS/Source/CommonTables/CommonTables.o
                0x080298a4                realCoefAQ15
 .rodata.realCoefBQ15
                0x0802d8a4     0x4000 ./Middlewares/Third_Party/ARM_CMSIS/Source/CommonTables/CommonTables.o
                0x0802d8a4                realCoefBQ15
 .rodata.arm_cfft_sR_f32_len16
                0x080318a4       0x10 ./Middlewares/Third_Party/ARM_CMSIS/Source/CommonTables/CommonTables.o
                0x080318a4                arm_cfft_sR_f32_len16
 .rodata.arm_cfft_sR_f32_len32
                0x080318b4       0x10 ./Middlewares/Third_Party/ARM_CMSIS/Source/CommonTables/CommonTables.o
                0x080318b4                arm_cfft_sR_f32_len32
 .rodata.arm_cfft_sR_f32_len64
                0x080318c4       0x10 ./Middlewares/Third_Party/ARM_CMSIS/Source/CommonTables/CommonTables.o
                0x080318c4                arm_cfft_sR_f32_len64
 .rodata.arm_cfft_sR_f32_len128
                0x080318d4       0x10 ./Middlewares/Third_Party/ARM_CMSIS/Source/CommonTables/CommonTables.o
                0x080318d4                arm_cfft_sR_f32_len128
 .rodata.arm_cfft_sR_f32_len256
                0x080318e4       0x10 ./Middlewares/Third_Party/ARM_CMSIS/Source/CommonTables/CommonTables.o
                0x080318e4                arm_cfft_sR_f32_len256
 .rodata.arm_cfft_sR_f32_len512
                0x080318f4       0x10 ./Middlewares/Third_Party/ARM_CMSIS/Source/CommonTables/CommonTables.o
                0x080318f4                arm_cfft_sR_f32_len512
 .rodata.arm_cfft_sR_f32_len1024
                0x08031904       0x10 ./Middlewares/Third_Party/ARM_CMSIS/Source/CommonTables/CommonTables.o
                0x08031904                arm_cfft_sR_f32_len1024
 .rodata.arm_cfft_sR_f32_len2048
                0x08031914       0x10 ./Middlewares/Third_Party/ARM_CMSIS/Source/CommonTables/CommonTables.o
                0x08031914                arm_cfft_sR_f32_len2048
 .rodata.arm_cfft_sR_q15_len16
                0x08031924       0x10 ./Middlewares/Third_Party/ARM_CMSIS/Source/CommonTables/CommonTables.o
                0x08031924                arm_cfft_sR_q15_len16
 .rodata.arm_cfft_sR_q15_len32
                0x08031934       0x10 ./Middlewares/Third_Party/ARM_CMSIS/Source/CommonTables/CommonTables.o
                0x08031934                arm_cfft_sR_q15_len32
 .rodata.arm_cfft_sR_q15_len64
                0x08031944       0x10 ./Middlewares/Third_Party/ARM_CMSIS/Source/CommonTables/CommonTables.o
                0x08031944                arm_cfft_sR_q15_len64
 .rodata.arm_cfft_sR_q15_len128
                0x08031954       0x10 ./Middlewares/Third_Party/ARM_CMSIS/Source/CommonTables/CommonTables.o
                0x08031954                arm_cfft_sR_q15_len128
 .rodata.arm_cfft_sR_q15_len256
                0x08031964       0x10 ./Middlewares/Third_Party/ARM_CMSIS/Source/CommonTables/CommonTables.o
                0x08031964                arm_cfft_sR_q15_len256
 .rodata.arm_cfft_sR_q15_len512
                0x08031974       0x10 ./Middlewares/Third_Party/ARM_CMSIS/Source/CommonTables/CommonTables.o
                0x08031974                arm_cfft_sR_q15_len512
 .rodata.arm_cfft_sR_q15_len1024
                0x08031984       0x10 ./Middlewares/Third_Party/ARM_CMSIS/Source/CommonTables/CommonTables.o
                0x08031984                arm_cfft_sR_q15_len1024
 .rodata.arm_cfft_sR_q15_len2048
                0x08031994       0x10 ./Middlewares/Third_Party/ARM_CMSIS/Source/CommonTables/CommonTables.o
                0x08031994                arm_cfft_sR_q15_len2048
 .rodata.arm_cfft_sR_q15_len4096
                0x080319a4       0x10 ./Middlewares/Third_Party/ARM_CMSIS/Source/CommonTables/CommonTables.o
                0x080319a4                arm_cfft_sR_q15_len4096
                0x080319b4                        . = ALIGN (0x4)

.ARM.extab      0x080319b4        0x0
                0x080319b4                        . = ALIGN (0x4)
 *(.ARM.extab* .gnu.linkonce.armextab.*)
                0x080319b4                        . = ALIGN (0x4)

.ARM            0x080319b4        0x8
                0x080319b4                        . = ALIGN (0x4)
                0x080319b4                        __exidx_start = .
 *(.ARM.exidx*)
 .ARM.exidx     0x080319b4        0x8 E:/STM32CubeIDE_1.15.1/STM32CubeIDE/plugins/com.st.stm32cube.ide.mcu.externaltools.gnu-tools-for-stm32.12.3.rel1.win32_1.0.100.202403111256/tools/bin/../lib/gcc/arm-none-eabi/12.3.1/thumb/v7e-m+fp/hard\libgcc.a(_udivmoddi4.o)
                0x080319bc                        __exidx_end = .
                0x080319bc                        . = ALIGN (0x4)

.rel.dyn        0x080319bc        0x0
 .rel.iplt      0x080319bc        0x0 E:/STM32CubeIDE_1.15.1/STM32CubeIDE/plugins/com.st.stm32cube.ide.mcu.externaltools.gnu-tools-for-stm32.12.3.rel1.win32_1.0.100.202403111256/tools/bin/../lib/gcc/arm-none-eabi/12.3.1/thumb/v7e-m+fp/hard/crtbegin.o

.preinit_array  0x080319bc        0x0
                0x080319bc                        . = ALIGN (0x4)
                0x080319bc                        PROVIDE (__preinit_array_start = .)
 *(.preinit_array*)
                0x080319bc                        PROVIDE (__preinit_array_end = .)
                0x080319bc                        . = ALIGN (0x4)

.init_array     0x080319bc        0x4
                0x080319bc                        . = ALIGN (0x4)
                0x080319bc                        PROVIDE (__init_array_start = .)
 *(SORT_BY_NAME(.init_array.*))
 *(.init_array*)
 .init_array    0x080319bc        0x4 E:/STM32CubeIDE_1.15.1/STM32CubeIDE/plugins/com.st.stm32cube.ide.mcu.externaltools.gnu-tools-for-stm32.12.3.rel1.win32_1.0.100.202403111256/tools/bin/../lib/gcc/arm-none-eabi/12.3.1/thumb/v7e-m+fp/hard/crtbegin.o
                0x080319c0                        PROVIDE (__init_array_end = .)
                0x080319c0                        . = ALIGN (0x4)

.fini_array     0x080319c0        0x4
                0x080319c0                        . = ALIGN (0x4)
                [!provide]                        PROVIDE (__fini_array_start = .)
 *(SORT_BY_NAME(.fini_array.*))
 *(.fini_array*)
 .fini_array    0x080319c0        0x4 E:/STM32CubeIDE_1.15.1/STM32CubeIDE/plugins/com.st.stm32cube.ide.mcu.externaltools.gnu-tools-for-stm32.12.3.rel1.win32_1.0.100.202403111256/tools/bin/../lib/gcc/arm-none-eabi/12.3.1/thumb/v7e-m+fp/hard/crtbegin.o
                [!provide]                        PROVIDE (__fini_array_end = .)
                0x080319c4                        . = ALIGN (0x4)
                0x080319c4                        _sidata = LOADADDR (.data)

.data           0x20000000      0x210 load address 0x080319c4
                0x20000000                        . = ALIGN (0x4)
                0x20000000                        _sdata = .
 *(.data)
 *(.data*)
 .data.auchCRCLo
                0x20000000      0x100 ./Core/Src/ModBusRTU.o
 .data.auchCRCHi
                0x20000100      0x100 ./Core/Src/ModBusRTU.o
 .data.tick.1   0x20000200        0x4 ./Core/Src/main.o
 .data.SystemCoreClock
                0x20000204        0x4 ./Core/Src/system_stm32f4xx.o
                0x20000204                SystemCoreClock
 .data.uwTickPrio
                0x20000208        0x4 ./Drivers/STM32F4xx_HAL_Driver/Src/stm32f4xx_hal.o
                0x20000208                uwTickPrio
 .data.uwTickFreq
                0x2000020c        0x1 ./Drivers/STM32F4xx_HAL_Driver/Src/stm32f4xx_hal.o
                0x2000020c                uwTickFreq
 *(.RamFunc)
 *(.RamFunc*)
                0x20000210                        . = ALIGN (0x4)
 *fill*         0x2000020d        0x3 
                0x20000210                        _edata = .

.igot.plt       0x20000210        0x0 load address 0x08031bd4
 .igot.plt      0x20000210        0x0 E:/STM32CubeIDE_1.15.1/STM32CubeIDE/plugins/com.st.stm32cube.ide.mcu.externaltools.gnu-tools-for-stm32.12.3.rel1.win32_1.0.100.202403111256/tools/bin/../lib/gcc/arm-none-eabi/12.3.1/thumb/v7e-m+fp/hard/crtbegin.o
                0x20000210                        . = ALIGN (0x4)

.bss            0x20000210    0x14c08 load address 0x08031bd4
                0x20000210                        _sbss = .
                0x20000210                        __bss_start__ = _sbss
 *(.bss)
 .bss           0x20000210       0x1c E:/STM32CubeIDE_1.15.1/STM32CubeIDE/plugins/com.st.stm32cube.ide.mcu.externaltools.gnu-tools-for-stm32.12.3.rel1.win32_1.0.100.202403111256/tools/bin/../lib/gcc/arm-none-eabi/12.3.1/thumb/v7e-m+fp/hard/crtbegin.o
 *(.bss*)
 .bss.hModbus   0x2000022c        0x4 ./Core/Src/ModBusRTU.o
                0x2000022c                hModbus
 .bss.hadc1     0x20000230       0x48 ./Core/Src/main.o
                0x20000230                hadc1
 .bss.hdma_adc1
                0x20000278       0x60 ./Core/Src/main.o
                0x20000278                hdma_adc1
 .bss.hi2c1     0x200002d8       0x54 ./Core/Src/main.o
                0x200002d8                hi2c1
 .bss.htim2     0x2000032c       0xb4 ./Core/Src/main.o
                0x2000032c                htim2
 .bss.htim3     0x200003e0       0xb4 ./Core/Src/main.o
                0x200003e0                htim3
 .bss.htim11    0x20000494       0xb4 ./Core/Src/main.o
                0x20000494                htim11
 .bss.huart1    0x20000548       0x78 ./Core/Src/main.o
                0x20000548                huart1
 .bss.huart2    0x200005c0       0x78 ./Core/Src/main.o
                0x200005c0                huart2
 .bss.hdma_usart1_tx
                0x20000638       0x60 ./Core/Src/main.o
                0x20000638                hdma_usart1_tx
 .bss.hdma_usart2_tx
                0x20000698       0x60 ./Core/Src/main.o
                0x20000698                hdma_usart2_tx
 .bss.hdma_usart2_rx
                0x200006f8       0x60 ./Core/Src/main.o
                0x200006f8                hdma_usart2_rx
 .bss.hmodbus   0x20000758      0x4d8 ./Core/Src/main.o
                0x20000758                hmodbus
 .bss.registerFrame
                0x20000c30      0x190 ./Core/Src/main.o
                0x20000c30                registerFrame
 .bss.buffer_input
                0x20000dc0     0x4000 ./Core/Src/main.o
                0x20000dc0                buffer_input
 .bss.rfft_signal
                0x20004dc0     0x8000 ./Core/Src/main.o
                0x20004dc0                rfft_signal
 .bss.magnitude_signal
                0x2000cdc0     0x4000 ./Core/Src/main.o
                0x2000cdc0                magnitude_signal
 .bss.maxValue  0x20010dc0        0x4 ./Core/Src/main.o
                0x20010dc0                maxValue
 .bss.freq      0x20010dc4        0x4 ./Core/Src/main.o
                0x20010dc4                freq
 .bss.maxIndex  0x20010dc8        0x4 ./Core/Src/main.o
                0x20010dc8                maxIndex
 .bss.flag      0x20010dcc        0x1 ./Core/Src/main.o
                0x20010dcc                flag
 *fill*         0x20010dcd        0x3 
 .bss.fftConfig
                0x20010dd0       0x18 ./Core/Src/main.o
                0x20010dd0                fftConfig
 .bss.fft       0x20010de8       0x18 ./Core/Src/main.o
                0x20010de8                fft
 .bss.buf       0x20010e00        0x6 ./Core/Src/main.o
                0x20010e00                buf
 *fill*         0x20010e06        0x2 
 .bss.acceleration_x
                0x20010e08        0x4 ./Core/Src/main.o
                0x20010e08                acceleration_x
 .bss.acceleration_y
                0x20010e0c        0x4 ./Core/Src/main.o
                0x20010e0c                acceleration_y
 .bss.acceleration_z
                0x20010e10        0x4 ./Core/Src/main.o
                0x20010e10                acceleration_z
 .bss.stackPIEZO.0
                0x20010e14     0x4000 ./Core/Src/main.o
 .bss.uwTick    0x20014e14        0x4 ./Drivers/STM32F4xx_HAL_Driver/Src/stm32f4xx_hal.o
                0x20014e14                uwTick
 *(COMMON)
                0x20014e18                        . = ALIGN (0x4)
                0x20014e18                        _ebss = .
                0x20014e18                        __bss_end__ = _ebss

._user_heap_stack
                0x20014e18      0x600 load address 0x08031bd4
                0x20014e18                        . = ALIGN (0x8)
                [!provide]                        PROVIDE (end = .)
                0x20014e18                        PROVIDE (_end = .)
                0x20015018                        . = (. + _Min_Heap_Size)
 *fill*         0x20014e18      0x200 
                0x20015418                        . = (. + _Min_Stack_Size)
 *fill*         0x20015018      0x400 
                0x20015418                        . = ALIGN (0x8)

/DISCARD/
 libc.a(*)
 libm.a(*)
 libgcc.a(*)

.ARM.attributes
                0x00000000       0x30
 *(.ARM.attributes)
 .ARM.attributes
                0x00000000       0x22 E:/STM32CubeIDE_1.15.1/STM32CubeIDE/plugins/com.st.stm32cube.ide.mcu.externaltools.gnu-tools-for-stm32.12.3.rel1.win32_1.0.100.202403111256/tools/bin/../lib/gcc/arm-none-eabi/12.3.1/thumb/v7e-m+fp/hard/crti.o
 .ARM.attributes
                0x00000022       0x34 E:/STM32CubeIDE_1.15.1/STM32CubeIDE/plugins/com.st.stm32cube.ide.mcu.externaltools.gnu-tools-for-stm32.12.3.rel1.win32_1.0.100.202403111256/tools/bin/../lib/gcc/arm-none-eabi/12.3.1/thumb/v7e-m+fp/hard/crtbegin.o
 .ARM.attributes
                0x00000056       0x34 ./Core/Src/ModBusRTU.o
 .ARM.attributes
                0x0000008a       0x34 ./Core/Src/main.o
 .ARM.attributes
                0x000000be       0x34 ./Core/Src/stm32f4xx_hal_msp.o
 .ARM.attributes
                0x000000f2       0x34 ./Core/Src/stm32f4xx_it.o
 .ARM.attributes
                0x00000126       0x34 ./Core/Src/system_stm32f4xx.o
 .ARM.attributes
                0x0000015a       0x21 ./Core/Startup/startup_stm32f411retx.o
 .ARM.attributes
                0x0000017b       0x34 ./Drivers/STM32F4xx_HAL_Driver/Src/stm32f4xx_hal.o
 .ARM.attributes
                0x000001af       0x34 ./Drivers/STM32F4xx_HAL_Driver/Src/stm32f4xx_hal_adc.o
 .ARM.attributes
                0x000001e3       0x34 ./Drivers/STM32F4xx_HAL_Driver/Src/stm32f4xx_hal_cortex.o
 .ARM.attributes
                0x00000217       0x34 ./Drivers/STM32F4xx_HAL_Driver/Src/stm32f4xx_hal_dma.o
 .ARM.attributes
                0x0000024b       0x34 ./Drivers/STM32F4xx_HAL_Driver/Src/stm32f4xx_hal_gpio.o
 .ARM.attributes
                0x0000027f       0x34 ./Drivers/STM32F4xx_HAL_Driver/Src/stm32f4xx_hal_i2c.o
 .ARM.attributes
                0x000002b3       0x34 ./Drivers/STM32F4xx_HAL_Driver/Src/stm32f4xx_hal_rcc.o
 .ARM.attributes
                0x000002e7       0x34 ./Drivers/STM32F4xx_HAL_Driver/Src/stm32f4xx_hal_tim.o
 .ARM.attributes
                0x0000031b       0x34 ./Drivers/STM32F4xx_HAL_Driver/Src/stm32f4xx_hal_tim_ex.o
 .ARM.attributes
                0x0000034f       0x34 ./Drivers/STM32F4xx_HAL_Driver/Src/stm32f4xx_hal_uart.o
 .ARM.attributes
                0x00000383       0x34 ./Middlewares/Third_Party/ARM_CMSIS/Source/CommonTables/CommonTables.o
 .ARM.attributes
                0x000003b7       0x34 ./Middlewares/Third_Party/ARM_CMSIS/Source/ComplexMathFunctions/ComplexMathFunctions.o
 .ARM.attributes
                0x000003eb       0x34 ./Middlewares/Third_Party/ARM_CMSIS/Source/StatisticsFunctions/StatisticsFunctions.o
 .ARM.attributes
                0x0000041f       0x34 ./Middlewares/Third_Party/ARM_CMSIS/Source/TransformFunctions/TransformFunctions.o
 .ARM.attributes
                0x00000453       0x34 E:/STM32CubeIDE_1.15.1/STM32CubeIDE/plugins/com.st.stm32cube.ide.mcu.externaltools.gnu-tools-for-stm32.12.3.rel1.win32_1.0.100.202403111256/tools/bin/../lib/gcc/arm-none-eabi/12.3.1/../../../../arm-none-eabi/lib/thumb/v7e-m+fp/hard\libc_nano.a(libc_a-memset.o)
 .ARM.attributes
                0x00000487       0x34 E:/STM32CubeIDE_1.15.1/STM32CubeIDE/plugins/com.st.stm32cube.ide.mcu.externaltools.gnu-tools-for-stm32.12.3.rel1.win32_1.0.100.202403111256/tools/bin/../lib/gcc/arm-none-eabi/12.3.1/../../../../arm-none-eabi/lib/thumb/v7e-m+fp/hard\libc_nano.a(libc_a-init.o)
 .ARM.attributes
                0x000004bb       0x34 E:/STM32CubeIDE_1.15.1/STM32CubeIDE/plugins/com.st.stm32cube.ide.mcu.externaltools.gnu-tools-for-stm32.12.3.rel1.win32_1.0.100.202403111256/tools/bin/../lib/gcc/arm-none-eabi/12.3.1/../../../../arm-none-eabi/lib/thumb/v7e-m+fp/hard\libc_nano.a(libc_a-memcpy-stub.o)
 .ARM.attributes
                0x000004ef       0x22 E:/STM32CubeIDE_1.15.1/STM32CubeIDE/plugins/com.st.stm32cube.ide.mcu.externaltools.gnu-tools-for-stm32.12.3.rel1.win32_1.0.100.202403111256/tools/bin/../lib/gcc/arm-none-eabi/12.3.1/thumb/v7e-m+fp/hard\libgcc.a(_arm_addsubdf3.o)
 .ARM.attributes
                0x00000511       0x22 E:/STM32CubeIDE_1.15.1/STM32CubeIDE/plugins/com.st.stm32cube.ide.mcu.externaltools.gnu-tools-for-stm32.12.3.rel1.win32_1.0.100.202403111256/tools/bin/../lib/gcc/arm-none-eabi/12.3.1/thumb/v7e-m+fp/hard\libgcc.a(_arm_muldivdf3.o)
 .ARM.attributes
                0x00000533       0x22 E:/STM32CubeIDE_1.15.1/STM32CubeIDE/plugins/com.st.stm32cube.ide.mcu.externaltools.gnu-tools-for-stm32.12.3.rel1.win32_1.0.100.202403111256/tools/bin/../lib/gcc/arm-none-eabi/12.3.1/thumb/v7e-m+fp/hard\libgcc.a(_arm_truncdfsf2.o)
 .ARM.attributes
                0x00000555       0x22 E:/STM32CubeIDE_1.15.1/STM32CubeIDE/plugins/com.st.stm32cube.ide.mcu.externaltools.gnu-tools-for-stm32.12.3.rel1.win32_1.0.100.202403111256/tools/bin/../lib/gcc/arm-none-eabi/12.3.1/thumb/v7e-m+fp/hard\libgcc.a(_aeabi_uldivmod.o)
 .ARM.attributes
                0x00000577       0x34 E:/STM32CubeIDE_1.15.1/STM32CubeIDE/plugins/com.st.stm32cube.ide.mcu.externaltools.gnu-tools-for-stm32.12.3.rel1.win32_1.0.100.202403111256/tools/bin/../lib/gcc/arm-none-eabi/12.3.1/thumb/v7e-m+fp/hard\libgcc.a(_udivmoddi4.o)
 .ARM.attributes
                0x000005ab       0x22 E:/STM32CubeIDE_1.15.1/STM32CubeIDE/plugins/com.st.stm32cube.ide.mcu.externaltools.gnu-tools-for-stm32.12.3.rel1.win32_1.0.100.202403111256/tools/bin/../lib/gcc/arm-none-eabi/12.3.1/thumb/v7e-m+fp/hard\libgcc.a(_dvmd_tls.o)
 .ARM.attributes
                0x000005cd       0x22 E:/STM32CubeIDE_1.15.1/STM32CubeIDE/plugins/com.st.stm32cube.ide.mcu.externaltools.gnu-tools-for-stm32.12.3.rel1.win32_1.0.100.202403111256/tools/bin/../lib/gcc/arm-none-eabi/12.3.1/thumb/v7e-m+fp/hard/crtn.o
OUTPUT(ReadPIEZOAndMEMS.elf elf32-littlearm)
LOAD linker stubs
LOAD E:/STM32CubeIDE_1.15.1/STM32CubeIDE/plugins/com.st.stm32cube.ide.mcu.externaltools.gnu-tools-for-stm32.12.3.rel1.win32_1.0.100.202403111256/tools/bin/../lib/gcc/arm-none-eabi/12.3.1/../../../../arm-none-eabi/lib/thumb/v7e-m+fp/hard\libc.a
LOAD E:/STM32CubeIDE_1.15.1/STM32CubeIDE/plugins/com.st.stm32cube.ide.mcu.externaltools.gnu-tools-for-stm32.12.3.rel1.win32_1.0.100.202403111256/tools/bin/../lib/gcc/arm-none-eabi/12.3.1/../../../../arm-none-eabi/lib/thumb/v7e-m+fp/hard\libm.a
LOAD E:/STM32CubeIDE_1.15.1/STM32CubeIDE/plugins/com.st.stm32cube.ide.mcu.externaltools.gnu-tools-for-stm32.12.3.rel1.win32_1.0.100.202403111256/tools/bin/../lib/gcc/arm-none-eabi/12.3.1/thumb/v7e-m+fp/hard\libgcc.a

.debug_info     0x00000000    0x258af
 .debug_info    0x00000000     0x122d ./Core/Src/ModBusRTU.o
 .debug_info    0x0000122d     0x25ce ./Core/Src/main.o
 .debug_info    0x000037fb     0x184a ./Core/Src/stm32f4xx_hal_msp.o
 .debug_info    0x00005045      0xf8b ./Core/Src/stm32f4xx_it.o
 .debug_info    0x00005fd0      0x53e ./Core/Src/system_stm32f4xx.o
 .debug_info    0x0000650e       0x30 ./Core/Startup/startup_stm32f411retx.o
 .debug_info    0x0000653e      0x8c4 ./Drivers/STM32F4xx_HAL_Driver/Src/stm32f4xx_hal.o
 .debug_info    0x00006e02      0xcd1 ./Drivers/STM32F4xx_HAL_Driver/Src/stm32f4xx_hal_adc.o
 .debug_info    0x00007ad3      0xcc7 ./Drivers/STM32F4xx_HAL_Driver/Src/stm32f4xx_hal_cortex.o
 .debug_info    0x0000879a      0x8e6 ./Drivers/STM32F4xx_HAL_Driver/Src/stm32f4xx_hal_dma.o
 .debug_info    0x00009080      0x6f9 ./Drivers/STM32F4xx_HAL_Driver/Src/stm32f4xx_hal_gpio.o
 .debug_info    0x00009779     0x2426 ./Drivers/STM32F4xx_HAL_Driver/Src/stm32f4xx_hal_i2c.o
 .debug_info    0x0000bb9f      0x8f2 ./Drivers/STM32F4xx_HAL_Driver/Src/stm32f4xx_hal_rcc.o
 .debug_info    0x0000c491     0x2d00 ./Drivers/STM32F4xx_HAL_Driver/Src/stm32f4xx_hal_tim.o
 .debug_info    0x0000f191     0x1657 ./Drivers/STM32F4xx_HAL_Driver/Src/stm32f4xx_hal_tim_ex.o
 .debug_info    0x000107e8     0x31ef ./Drivers/STM32F4xx_HAL_Driver/Src/stm32f4xx_hal_uart.o
 .debug_info    0x000139d7     0x1ca7 ./Middlewares/Third_Party/ARM_CMSIS/Source/CommonTables/CommonTables.o
 .debug_info    0x0001567e     0x100f ./Middlewares/Third_Party/ARM_CMSIS/Source/ComplexMathFunctions/ComplexMathFunctions.o
 .debug_info    0x0001668d     0x372a ./Middlewares/Third_Party/ARM_CMSIS/Source/StatisticsFunctions/StatisticsFunctions.o
 .debug_info    0x00019db7     0xbaf8 ./Middlewares/Third_Party/ARM_CMSIS/Source/TransformFunctions/TransformFunctions.o

.debug_abbrev   0x00000000     0x2faf
 .debug_abbrev  0x00000000      0x348 ./Core/Src/ModBusRTU.o
 .debug_abbrev  0x00000348      0x37b ./Core/Src/main.o
 .debug_abbrev  0x000006c3      0x272 ./Core/Src/stm32f4xx_hal_msp.o
 .debug_abbrev  0x00000935      0x1db ./Core/Src/stm32f4xx_it.o
 .debug_abbrev  0x00000b10      0x11a ./Core/Src/system_stm32f4xx.o
 .debug_abbrev  0x00000c2a       0x24 ./Core/Startup/startup_stm32f411retx.o
 .debug_abbrev  0x00000c4e      0x24b ./Drivers/STM32F4xx_HAL_Driver/Src/stm32f4xx_hal.o
 .debug_abbrev  0x00000e99      0x20e ./Drivers/STM32F4xx_HAL_Driver/Src/stm32f4xx_hal_adc.o
 .debug_abbrev  0x000010a7      0x328 ./Drivers/STM32F4xx_HAL_Driver/Src/stm32f4xx_hal_cortex.o
 .debug_abbrev  0x000013cf      0x221 ./Drivers/STM32F4xx_HAL_Driver/Src/stm32f4xx_hal_dma.o
 .debug_abbrev  0x000015f0      0x1d3 ./Drivers/STM32F4xx_HAL_Driver/Src/stm32f4xx_hal_gpio.o
 .debug_abbrev  0x000017c3      0x2bc ./Drivers/STM32F4xx_HAL_Driver/Src/stm32f4xx_hal_i2c.o
 .debug_abbrev  0x00001a7f      0x2b5 ./Drivers/STM32F4xx_HAL_Driver/Src/stm32f4xx_hal_rcc.o
 .debug_abbrev  0x00001d34      0x2b1 ./Drivers/STM32F4xx_HAL_Driver/Src/stm32f4xx_hal_tim.o
 .debug_abbrev  0x00001fe5      0x2a7 ./Drivers/STM32F4xx_HAL_Driver/Src/stm32f4xx_hal_tim_ex.o
 .debug_abbrev  0x0000228c      0x31a ./Drivers/STM32F4xx_HAL_Driver/Src/stm32f4xx_hal_uart.o
 .debug_abbrev  0x000025a6      0x137 ./Middlewares/Third_Party/ARM_CMSIS/Source/CommonTables/CommonTables.o
 .debug_abbrev  0x000026dd      0x20a ./Middlewares/Third_Party/ARM_CMSIS/Source/ComplexMathFunctions/ComplexMathFunctions.o
 .debug_abbrev  0x000028e7      0x2ea ./Middlewares/Third_Party/ARM_CMSIS/Source/StatisticsFunctions/StatisticsFunctions.o
 .debug_abbrev  0x00002bd1      0x3de ./Middlewares/Third_Party/ARM_CMSIS/Source/TransformFunctions/TransformFunctions.o

.debug_aranges  0x00000000     0x19b8
 .debug_aranges
                0x00000000       0x70 ./Core/Src/ModBusRTU.o
 .debug_aranges
                0x00000070       0x90 ./Core/Src/main.o
 .debug_aranges
                0x00000100       0x60 ./Core/Src/stm32f4xx_hal_msp.o
 .debug_aranges
                0x00000160       0xb0 ./Core/Src/stm32f4xx_it.o
 .debug_aranges
                0x00000210       0x28 ./Core/Src/system_stm32f4xx.o
 .debug_aranges
                0x00000238       0x28 ./Core/Startup/startup_stm32f411retx.o
 .debug_aranges
                0x00000260       0xf0 ./Drivers/STM32F4xx_HAL_Driver/Src/stm32f4xx_hal.o
 .debug_aranges
                0x00000350       0xe8 ./Drivers/STM32F4xx_HAL_Driver/Src/stm32f4xx_hal_adc.o
 .debug_aranges
                0x00000438      0x120 ./Drivers/STM32F4xx_HAL_Driver/Src/stm32f4xx_hal_cortex.o
 .debug_aranges
                0x00000558       0x90 ./Drivers/STM32F4xx_HAL_Driver/Src/stm32f4xx_hal_dma.o
 .debug_aranges
                0x000005e8       0x58 ./Drivers/STM32F4xx_HAL_Driver/Src/stm32f4xx_hal_gpio.o
 .debug_aranges
                0x00000640      0x2a8 ./Drivers/STM32F4xx_HAL_Driver/Src/stm32f4xx_hal_i2c.o
 .debug_aranges
                0x000008e8       0x88 ./Drivers/STM32F4xx_HAL_Driver/Src/stm32f4xx_hal_rcc.o
 .debug_aranges
                0x00000970      0x3e8 ./Drivers/STM32F4xx_HAL_Driver/Src/stm32f4xx_hal_tim.o
 .debug_aranges
                0x00000d58      0x168 ./Drivers/STM32F4xx_HAL_Driver/Src/stm32f4xx_hal_tim_ex.o
 .debug_aranges
                0x00000ec0      0x230 ./Drivers/STM32F4xx_HAL_Driver/Src/stm32f4xx_hal_uart.o
 .debug_aranges
                0x000010f0       0x18 ./Middlewares/Third_Party/ARM_CMSIS/Source/CommonTables/CommonTables.o
 .debug_aranges
                0x00001108       0xc8 ./Middlewares/Third_Party/ARM_CMSIS/Source/ComplexMathFunctions/ComplexMathFunctions.o
 .debug_aranges
                0x000011d0      0x268 ./Middlewares/Third_Party/ARM_CMSIS/Source/StatisticsFunctions/StatisticsFunctions.o
 .debug_aranges
                0x00001438      0x580 ./Middlewares/Third_Party/ARM_CMSIS/Source/TransformFunctions/TransformFunctions.o

.debug_rnglists
                0x00000000     0x1460
 .debug_rnglists
                0x00000000       0x54 ./Core/Src/ModBusRTU.o
 .debug_rnglists
                0x00000054       0x6f ./Core/Src/main.o
 .debug_rnglists
                0x000000c3       0x48 ./Core/Src/stm32f4xx_hal_msp.o
 .debug_rnglists
                0x0000010b       0x7f ./Core/Src/stm32f4xx_it.o
 .debug_rnglists
                0x0000018a       0x1a ./Core/Src/system_stm32f4xx.o
 .debug_rnglists
                0x000001a4       0x19 ./Core/Startup/startup_stm32f411retx.o
 .debug_rnglists
                0x000001bd       0xaf ./Drivers/STM32F4xx_HAL_Driver/Src/stm32f4xx_hal.o
 .debug_rnglists
                0x0000026c       0xb5 ./Drivers/STM32F4xx_HAL_Driver/Src/stm32f4xx_hal_adc.o
 .debug_rnglists
                0x00000321       0xd4 ./Drivers/STM32F4xx_HAL_Driver/Src/stm32f4xx_hal_cortex.o
 .debug_rnglists
                0x000003f5       0x70 ./Drivers/STM32F4xx_HAL_Driver/Src/stm32f4xx_hal_dma.o
 .debug_rnglists
                0x00000465       0x3f ./Drivers/STM32F4xx_HAL_Driver/Src/stm32f4xx_hal_gpio.o
 .debug_rnglists
                0x000004a4      0x23c ./Drivers/STM32F4xx_HAL_Driver/Src/stm32f4xx_hal_i2c.o
 .debug_rnglists
                0x000006e0       0x66 ./Drivers/STM32F4xx_HAL_Driver/Src/stm32f4xx_hal_rcc.o
 .debug_rnglists
                0x00000746      0x32f ./Drivers/STM32F4xx_HAL_Driver/Src/stm32f4xx_hal_tim.o
 .debug_rnglists
                0x00000a75      0x125 ./Drivers/STM32F4xx_HAL_Driver/Src/stm32f4xx_hal_tim_ex.o
 .debug_rnglists
                0x00000b9a      0x1dc ./Drivers/STM32F4xx_HAL_Driver/Src/stm32f4xx_hal_uart.o
 .debug_rnglists
                0x00000d76       0x9f ./Middlewares/Third_Party/ARM_CMSIS/Source/ComplexMathFunctions/ComplexMathFunctions.o
 .debug_rnglists
                0x00000e15      0x1ec ./Middlewares/Third_Party/ARM_CMSIS/Source/StatisticsFunctions/StatisticsFunctions.o
 .debug_rnglists
                0x00001001      0x45f ./Middlewares/Third_Party/ARM_CMSIS/Source/TransformFunctions/TransformFunctions.o

.debug_macro    0x00000000    0x19454
 .debug_macro   0x00000000      0x2f3 ./Core/Src/ModBusRTU.o
 .debug_macro   0x000002f3      0xab4 ./Core/Src/ModBusRTU.o
 .debug_macro   0x00000da7      0x2a7 ./Core/Src/ModBusRTU.o
 .debug_macro   0x0000104e       0x2e ./Core/Src/ModBusRTU.o
 .debug_macro   0x0000107c       0x28 ./Core/Src/ModBusRTU.o
 .debug_macro   0x000010a4       0x22 ./Core/Src/ModBusRTU.o
 .debug_macro   0x000010c6       0x8e ./Core/Src/ModBusRTU.o
 .debug_macro   0x00001154       0x51 ./Core/Src/ModBusRTU.o
 .debug_macro   0x000011a5      0x103 ./Core/Src/ModBusRTU.o
 .debug_macro   0x000012a8       0x6a ./Core/Src/ModBusRTU.o
 .debug_macro   0x00001312      0x1df ./Core/Src/ModBusRTU.o
 .debug_macro   0x000014f1       0x1c ./Core/Src/ModBusRTU.o
 .debug_macro   0x0000150d       0x22 ./Core/Src/ModBusRTU.o
 .debug_macro   0x0000152f       0xfb ./Core/Src/ModBusRTU.o
 .debug_macro   0x0000162a     0x1011 ./Core/Src/ModBusRTU.o
 .debug_macro   0x0000263b      0x11f ./Core/Src/ModBusRTU.o
 .debug_macro   0x0000275a     0xb953 ./Core/Src/ModBusRTU.o
 .debug_macro   0x0000e0ad       0x6d ./Core/Src/ModBusRTU.o
 .debug_macro   0x0000e11a     0x368c ./Core/Src/ModBusRTU.o